
Running 6 tests using 1 worker

[1/6] [chromium] › tests\e2e\dm-validate-dialog.spec.js:76:3 › §17 校验对话框 UI 验证 › 触发校验 → 弹出「校验情况」非模态对话框，列/序号正确
[chromium] › tests\e2e\dm-validate-dialog.spec.js:76:3 › §17 校验对话框 UI 验证 › 触发校验 → 弹出「校验情况」非模态对话框，列/序号正确
✅ 对话框：标题/列/序号正确，非模态可操作编辑器

[2/6] [chromium] › tests\e2e\dm-validate-dialog.spec.js:108:3 › §17 校验对话框 UI 验证 › 未选行点定位 → 提示「请选择一行数据。」
[chromium] › tests\e2e\dm-validate-dialog.spec.js:108:3 › §17 校验对话框 UI 验证 › 未选行点定位 → 提示「请选择一行数据。」
✅ 未选行定位：正确提示

[3/6] [chromium] › tests\e2e\dm-validate-dialog.spec.js:119:3 › §17 校验对话框 UI 验证 › 选中行点定位 → 光标落到对应行标签名首字符
[chromium] › tests\e2e\dm-validate-dialog.spec.js:119:3 › §17 校验对话框 UI 验证 › 选中行点定位 → 光标落到对应行标签名首字符
✅ 定位：光标行=1 列=0（标签 < 处，原子保护边缘）

[4/6] [chromium] › tests\e2e\dm-validate-dialog.spec.js:150:3 › §17 校验对话框 UI 验证 › 点关闭 → 对话框消失
[chromium] › tests\e2e\dm-validate-dialog.spec.js:150:3 › §17 校验对话框 UI 验证 › 点关闭 → 对话框消失
✅ 关闭：对话框消失

[5/6] [chromium] › tests\e2e\dm-validate-dialog.spec.js:162:3 › §17 校验对话框 UI 验证 › D1 哨兵错误 lineno=0 → 行号列显示「-」，不显示「第 0 行」或字面 0
[chromium] › tests\e2e\dm-validate-dialog.spec.js:162:3 › §17 校验对话框 UI 验证 › D1 哨兵错误 lineno=0 → 行号列显示「-」，不显示「第 0 行」或字面 0
✅ D1：哨兵行号显示「-」，信息原文保留

[6/6] [chromium] › tests\e2e\dm-validate-dialog.spec.js:182:3 › §17 校验对话框 UI 验证 › D1 哨兵错误选中点定位 → 提示无对应行号且光标不跳转
[chromium] › tests\e2e\dm-validate-dialog.spec.js:182:3 › §17 校验对话框 UI 验证 › D1 哨兵错误选中点定位 → 提示无对应行号且光标不跳转
✅ D1：哨兵行定位被拒绝，光标未跳转

  6 passed (2.2m)
