
> vue-antd-jeecg@3.4.3 build
> set NODE_OPTIONS=--openssl-legacy-provider && vue-cli-service build


-  Building for production...
Browserslist: caniuse-lite is outdated. Please run:
npx browserslist@latest --update-db
Browserslist: caniuse-lite is outdated. Please run:
npx browserslist@latest --update-db
 WARNING  Compiled with 5 warnings23:00:19

 warning  

chunk chunk-1817ac1c [mini-css-extract-plugin]
Conflicting order. Following module has been added:
 * css ./node_modules/css-loader??ref--6-oneOf-1-1!./node_modules/vue-loader/lib/loaders/stylePostLoader.js!./node_modules/postcss-loader/src??ref--6-oneOf-1-2!./node_modules/cache-loader/dist/cjs.js??ref--0-0!./node_modules/vue-loader/lib??vue-loader-options!./src/views/jeecg/tablist/form/JeecgOrderCustomerModal.vue?vue&type=style&index=0&id=e86d1f2e&scoped=true&lang=css&
despite it was not able to fulfill desired ordering with these modules:
 * css ./node_modules/css-loader??ref--6-oneOf-1-1!./node_modules/vue-loader/lib/loaders/stylePostLoader.js!./node_modules/postcss-loader/src??ref--6-oneOf-1-2!./node_modules/cache-loader/dist/cjs.js??ref--0-0!./node_modules/vue-loader/lib??vue-loader-options!./src/views/jeecg/tablist/form/JeecgOrderDMainModal.vue?vue&type=style&index=0&id=2de11e5c&scoped=true&lang=css&
   - couldn't fulfill desired order of chunk group(s) 

 warning  

chunk chunk-1817ac1c [mini-css-extract-plugin]
Conflicting order. Following module has been added:
 * css ./node_modules/css-loader??ref--6-oneOf-1-1!./node_modules/vue-loader/lib/loaders/stylePostLoader.js!./node_modules/postcss-loader/src??ref--6-oneOf-1-2!./node_modules/cache-loader/dist/cjs.js??ref--0-0!./node_modules/vue-loader/lib??vue-loader-options!./src/views/jeecg/tablist/JeecgOrderTicketList.vue?vue&type=style&index=0&id=3e5b2200&scoped=true&lang=css&
despite it was not able to fulfill desired ordering with these modules:
 * css ./node_modules/css-loader??ref--6-oneOf-1-1!./node_modules/vue-loader/lib/loaders/stylePostLoader.js!./node_modules/postcss-loader/src??ref--6-oneOf-1-2!./node_modules/cache-loader/dist/cjs.js??ref--0-0!./node_modules/vue-loader/lib??vue-loader-options!./src/views/jeecg/tablist/JeecgOrderCustomerList.vue?vue&type=style&index=0&id=032e064e&scoped=true&lang=css&
   - couldn't fulfill desired order of chunk group(s) 

 warning  

chunk chunk-1817ac1c [mini-css-extract-plugin]
Conflicting order. Following module has been added:
 * css ./node_modules/css-loader??ref--6-oneOf-1-1!./node_modules/vue-loader/lib/loaders/stylePostLoader.js!./node_modules/postcss-loader/src??ref--6-oneOf-1-2!./node_modules/cache-loader/dist/cjs.js??ref--0-0!./node_modules/vue-loader/lib??vue-loader-options!./src/views/jeecg/tablist/JeecgOrderDMainList.vue?vue&type=style&index=0&id=1bacfb3c&scoped=true&lang=css&
despite it was not able to fulfill desired ordering with these modules:
 * css ./node_modules/css-loader??ref--6-oneOf-1-1!./node_modules/vue-loader/lib/loaders/stylePostLoader.js!./node_modules/postcss-loader/src??ref--6-oneOf-1-2!./node_modules/cache-loader/dist/cjs.js??ref--0-0!./node_modules/vue-loader/lib??vue-loader-options!./src/views/jeecg/tablist/JeecgOrderCustomerList.vue?vue&type=style&index=0&id=032e064e&scoped=true&lang=css&
   - couldn't fulfill desired order of chunk group(s) 

 warning  

asset size limit: The following asset(s) exceed the recommended size limit (244 KiB).
This can impact web performance.
Assets: 
  js/app.039433a8.js (593 KiB)
  css/chunk-048ba169.54f481ae.css (437 KiB)
  js/chunk-048ba169.db473b4c.js (5.16 MiB)
  js/chunk-2d0d5f54.e70b0f96.js (659 KiB)
  js/chunk-7052ca12.65d10cb2.js (429 KiB)
  js/chunk-b631c2d4.83a0acec.js (663 KiB)
  js/chunk-d01ec710.6a018cd4.js (2.53 MiB)
  js/chunk-d58b1742.93899cb9.js (464 KiB)
  css/chunk-vendors.e1126a2d.css (762 KiB)
  js/chunk-vendors.cee91e1f.js (7.63 MiB)
  monaco-editor/min/vs/editor/editor.main.nls.ru.js (365 KiB)
  monaco-editor/min/vs/language/html/htmlWorker.js (455 KiB)
  static/ietmeditor/CodeMirror/lib/codemirror.js (360 KiB)
  monaco-editor/min/vs/editor/editor.main.js (2.66 MiB)
  monaco-editor/min/vs/language/css/cssWorker.js (779 KiB)
  static/ietmeditor/lib/codemirror.js (360 KiB)
  static/ietmeditor/res/descript_schema.js (663 KiB)
  static/ietmeditor/res/crew_schema.js (720 KiB)
  static/ietmeditor/res/ipd_schema.js (634 KiB)
  static/ietmeditor/res/proced_schema.js (774 KiB)
  static/ietmeditor/res/fault_schema.js (977 KiB)
  static/ietmeditor/res/schedul_schema.js (833 KiB)
  static/ietmeditor/res/techrep_schema.js (1.07 MiB)
  monaco-editor/min/vs/language/typescript/tsWorker.js (4.35 MiB)
  static/ueditor/jsp/lib/commons-codec-1.9.jar (258 KiB)
  static/ueditor/third-party/highcharts/highcharts.src.js (434 KiB)
  static/ueditor/third-party/jquery-1.10.2.js (267 KiB)
  static/ueditor/third-party/snapscreen/UEditorSnapscreen.exe (508 KiB)
  static/ueditor/ueditor.all.min.js (374 KiB)
  static/ueditor/ueditor.all.js (1.08 MiB)
  static/ueditor/utf8-jsp/jsp/lib/commons-codec-1.9.jar (258 KiB)
  static/ueditor/ueditor.zip (3.28 MiB)
  static/ueditor/utf8-jsp/third-party/highcharts/highcharts.src.js (434 KiB)
  static/ueditor/utf8-jsp/third-party/jquery-1.10.2.js (267 KiB)
  static/ueditor/utf8-jsp/third-party/snapscreen/UEditorSnapscreen.exe (508 KiB)
  js/chunk-d01ec710.6a018cd4.js.gz (641 KiB)
  monaco-editor/min/vs/editor/editor.main.js.gz (682 KiB)
  monaco-editor/min/vs/language/typescript/tsWorker.js.gz (976 KiB)
  js/chunk-048ba169.db473b4c.js.gz (1.36 MiB)
  js/chunk-vendors.cee91e1f.js.gz (2.13 MiB)

 warning  

entrypoint size limit: The following entrypoint(s) combined asset size exceeds the recommended limit (244 KiB). This can impact web performance.
Entrypoints:
  app (9.02 MiB)
      css/chunk-vendors.e1126a2d.css
      js/chunk-vendors.cee91e1f.js
      css/app.d6dd6db7.css
      js/app.039433a8.js


  File                                      Size             Gzipped

  dist\static\ueditor\ueditor.all.min.js    374.11 KiB       101.12 KiB
  dist\static\ueditor\third-party\jquery    90.92 KiB        32.12 KiB
  -1.10.2.min.js
  dist\static\ueditor\utf8-jsp\third-par    90.92 KiB        32.12 KiB
  ty\jquery-1.10.2.min.js
  dist\static\ueditor\third-party\webupl    56.91 KiB        18.76 KiB
  oader\webuploader.min.js
  dist\static\ueditor\utf8-jsp\third-par    56.91 KiB        18.76 KiB
  ty\webuploader\webuploader.min.js
  dist\static\ueditor\third-party\webupl    45.99 KiB        14.39 KiB
  oader\webuploader.html5only.min.js
  dist\static\ueditor\utf8-jsp\third-par    45.99 KiB        14.39 KiB
  ty\webuploader\webuploader.html5only.m
  in.js
  dist\static\ueditor\third-party\webupl    45.81 KiB        15.86 KiB
  oader\webuploader.custom.min.js
  dist\static\ueditor\utf8-jsp\third-par    45.81 KiB        15.86 KiB
  ty\webuploader\webuploader.custom.min.
  js
  dist\static\ueditor\third-party\webupl    38.87 KiB        12.03 KiB
  oader\webuploader.withoutimage.min.js
  dist\static\ueditor\utf8-jsp\third-par    38.87 KiB        12.03 KiB
  ty\webuploader\webuploader.withoutimag
  e.min.js
  dist\static\ueditor\third-party\webupl    32.81 KiB        10.64 KiB
  oader\webuploader.flashonly.min.js
  dist\static\ueditor\utf8-jsp\third-par    32.81 KiB        10.64 KiB
  ty\webuploader\webuploader.flashonly.m
  in.js
  dist\static\ueditor\third-party\xss.mi    27.11 KiB        6.41 KiB
  n.js
  dist\static\ueditor\utf8-jsp\third-par    27.11 KiB        6.41 KiB
  ty\xss.min.js
  dist\static\ueditor\third-party\zerocl    18.51 KiB        6.53 KiB
  ipboard\ZeroClipboard.min.js
  dist\static\ueditor\utf8-jsp\third-par    18.51 KiB        6.53 KiB
  ty\zeroclipboard\ZeroClipboard.min.js
  dist\static\ueditor\ueditor.parse.min.    14.45 KiB        5.01 KiB
  js
  dist\js\chunk-vendors.cee91e1f.js         7816.81 KiB      2188.36 KiB
  dist\js\chunk-048ba169.db473b4c.js        5278.87 KiB      1398.06 KiB
  dist\monaco-editor\min\vs\language\typ    4451.04 KiB      980.09 KiB
  escript\tsWorker.js
  dist\monaco-editor\min\vs\editor\edito    2726.86 KiB      684.39 KiB
  r.main.js
  dist\js\chunk-d01ec710.6a018cd4.js        2586.52 KiB      643.31 KiB
  dist\static\ueditor\ueditor.all.js        1110.01 KiB      217.27 KiB
  dist\static\ietmeditor\res\techrep_sch    1091.82 KiB      74.73 KiB
  ema.js
  dist\static\ietmeditor\res\fault_schem    976.62 KiB       79.76 KiB
  a.js
  dist\static\ietmeditor\res\schedul_sch    832.88 KiB       77.60 KiB
  ema.js
  dist\monaco-editor\min\vs\language\css    779.34 KiB       150.87 KiB
  \cssWorker.js
  dist\static\ietmeditor\res\proced_sche    773.62 KiB       68.56 KiB
  ma.js
  dist\static\ietmeditor\res\crew_schema    719.81 KiB       65.10 KiB
  .js
  dist\js\chunk-b631c2d4.83a0acec.js        663.33 KiB       166.18 KiB
  dist\static\ietmeditor\res\descript_sc    662.63 KiB       58.63 KiB
  hema.js
  dist\js\chunk-2d0d5f54.e70b0f96.js        658.65 KiB       148.25 KiB
  dist\static\ietmeditor\res\ipd_schema.    633.55 KiB       56.91 KiB
  js
  dist\js\app.039433a8.js                   593.23 KiB       147.59 KiB
  dist\js\chunk-d58b1742.93899cb9.js        464.27 KiB       150.07 KiB
  dist\monaco-editor\min\vs\language\htm    455.42 KiB       104.42 KiB
  l\htmlWorker.js
  dist\static\ueditor\third-party\highch    433.95 KiB       123.57 KiB
  arts\highcharts.src.js
  dist\static\ueditor\utf8-jsp\third-par    433.95 KiB       123.57 KiB
  ty\highcharts\highcharts.src.js
  dist\js\chunk-7052ca12.65d10cb2.js        429.44 KiB       141.21 KiB
  dist\monaco-editor\min\vs\editor\edito    364.97 KiB       30.50 KiB
  r.main.nls.ru.js
  dist\static\ietmeditor\CodeMirror\lib\    360.09 KiB       99.44 KiB
  codemirror.js
  dist\static\ietmeditor\lib\codemirror.    360.09 KiB       99.44 KiB
  js
  dist\static\ueditor\third-party\jquery    266.80 KiB       79.08 KiB
  -1.10.2.js
  dist\static\ueditor\utf8-jsp\third-par    266.80 KiB       79.08 KiB
  ty\jquery-1.10.2.js
  dist\static\ietmeditor\jquery.js          241.79 KiB       71.72 KiB
  dist\static\ueditor\third-party\webupl    226.46 KiB       49.36 KiB
  oader\webuploader.js
  dist\static\ueditor\utf8-jsp\third-par    226.46 KiB       49.36 KiB
  ty\webuploader\webuploader.js
  dist\cdn\babel-polyfill\polyfill_7_2_5    225.00 KiB       57.41 KiB
  .js
  dist\js\chunk-6c5461f0.5a724445.js        220.63 KiB       53.78 KiB
  dist\js\chunk-67592994.9247ca05.js        216.89 KiB       64.09 KiB
  dist\static\ueditor\third-party\video-    209.79 KiB       55.93 KiB
  js\video.dev.js
  dist\static\ueditor\utf8-jsp\third-par    209.79 KiB       55.93 KiB
  ty\video-js\video.dev.js
  dist\js\chunk-779745f4.df50f67c.js        206.94 KiB       54.92 KiB
  dist\static\ueditor\third-party\webupl    193.52 KiB       43.37 KiB
  oader\webuploader.custom.js
  dist\static\ueditor\utf8-jsp\third-par    193.52 KiB       43.37 KiB
  ty\webuploader\webuploader.custom.js
  dist\monaco-editor\min\vs\base\worker\    188.33 KiB       60.98 KiB
  workerMain.js
  dist\static\ueditor\third-party\webupl    182.25 KiB       39.38 KiB
  oader\webuploader.html5only.js
  dist\static\ueditor\utf8-jsp\third-par    182.25 KiB       39.38 KiB
  ty\webuploader\webuploader.html5only.j
  s
  dist\monaco-editor\min\vs\editor\edito    176.26 KiB       22.25 KiB
  r.main.nls.ja.js
  dist\static\ueditor\third-party\codemi    158.38 KiB       36.13 KiB
  rror\codemirror.js
  dist\static\ueditor\utf8-jsp\third-par    158.38 KiB       36.13 KiB
  ty\codemirror\codemirror.js
  dist\static\ueditor\third-party\Syntax    155.77 KiB       43.59 KiB
  Highlighter\shCore.js
  dist\static\ueditor\utf8-jsp\third-par    155.77 KiB       43.59 KiB
  ty\SyntaxHighlighter\shCore.js
  dist\monaco-editor\min\vs\language\jso    154.60 KiB       39.24 KiB
  n\jsonWorker.js
  dist\static\ueditor\third-party\webupl    148.40 KiB       31.66 KiB
  oader\webuploader.withoutimage.js
  dist\static\ueditor\utf8-jsp\third-par    148.40 KiB       31.66 KiB
  ty\webuploader\webuploader.withoutimag
  e.js
  dist\js\chunk-6d7c5548.ed5a8f58.js        147.78 KiB       43.25 KiB
  dist\monaco-editor\min\vs\editor\edito    145.84 KiB       20.19 KiB
  r.main.nls.ko.js
  dist\static\ueditor\third-party\highch    137.55 KiB       50.71 KiB
  arts\highcharts.js
  dist\static\ueditor\utf8-jsp\third-par    137.55 KiB       50.71 KiB
  ty\highcharts\highcharts.js
  dist\static\ueditor\third-party\webupl    135.64 KiB       30.12 KiB
  oader\webuploader.flashonly.js
  dist\static\ueditor\utf8-jsp\third-par    135.64 KiB       30.12 KiB
  ty\webuploader\webuploader.flashonly.j
  s
  dist\js\chunk-2a54f27a.86c18ab5.js        132.54 KiB       38.47 KiB
  dist\static\ueditor\dialogs\image\imag    125.99 KiB       54.01 KiB
  e.js
  dist\static\ueditor\utf8-jsp\dialogs\i    125.99 KiB       54.01 KiB
  mage\image.js
  dist\monaco-editor\min\vs\editor\edito    113.40 KiB       19.22 KiB
  r.main.nls.zh-tw.js
  dist\monaco-editor\min\vs\editor\edito    110.91 KiB       19.03 KiB
  r.main.nls.zh-cn.js
  dist\static\ietmeditor\res\en_cn.js       105.95 KiB       33.50 KiB
  dist\static\ueditor\third-party\highch    98.32 KiB        22.44 KiB
  arts\modules\canvas-tools.src.js
  dist\static\ueditor\utf8-jsp\third-par    98.32 KiB        22.44 KiB
  ty\highcharts\modules\canvas-tools.src
  .js
  dist\monaco-editor\min\vs\editor\edito    93.25 KiB        18.91 KiB
  r.main.nls.fr.js
  dist\monaco-editor\min\vs\editor\edito    87.33 KiB        17.72 KiB
  r.main.nls.it.js
  dist\monaco-editor\min\vs\editor\edito    85.64 KiB        18.24 KiB
  r.main.nls.es.js
  dist\monaco-editor\min\vs\editor\edito    84.76 KiB        19.32 KiB
  r.main.nls.de.js
  dist\js\chunk-86fb77ee.0c3813ff.js        76.13 KiB        17.35 KiB
  dist\monaco-editor\min\vs\editor\edito    68.12 KiB        15.54 KiB
  r.main.nls.js
  dist\static\ueditor\third-party\highch    58.77 KiB        16.32 KiB
  arts\highcharts-more.src.js
  dist\static\ueditor\utf8-jsp\third-par    58.77 KiB        16.32 KiB
  ty\highcharts\highcharts-more.src.js
  dist\monaco-editor\min\vs\language\jso    56.85 KiB        14.69 KiB
  n\jsonMode.js
  dist\static\ueditor\third-party\highch    56.52 KiB        15.45 KiB
  arts\modules\canvas-tools.js
  dist\static\ueditor\utf8-jsp\third-par    56.52 KiB        15.45 KiB
  ty\highcharts\modules\canvas-tools.js
  dist\js\chunk-2151f7a8.6cd4f7bb.js        54.42 KiB        12.80 KiB
  dist\static\ueditor\third-party\video-    54.09 KiB        16.69 KiB
  js\video.js
  dist\static\ueditor\utf8-jsp\third-par    54.09 KiB        16.69 KiB
  ty\video-js\video.js
  dist\js\chunk-10527cb2.8a0e9a02.js        53.86 KiB        17.89 KiB
  dist\static\ueditor\dialogs\wordimage\    46.41 KiB        12.61 KiB
  tangram.js
  dist\static\ueditor\utf8-jsp\dialogs\w    46.41 KiB        12.61 KiB
  ordimage\tangram.js
  dist\js\chunk-933c7a5e.196c6e6c.js        45.47 KiB        10.92 KiB
  dist\static\ietmeditor\IetmEditorUtils    44.44 KiB        11.92 KiB
  .js
  dist\js\chunk-2a47a6ab.9c99aaea.js        44.36 KiB        10.74 KiB
  dist\static\ueditor\third-party\zerocl    42.20 KiB        9.16 KiB
  ipboard\ZeroClipboard.js
  dist\static\ueditor\utf8-jsp\third-par    42.20 KiB        9.16 KiB
  ty\zeroclipboard\ZeroClipboard.js
  dist\js\chunk-db8181b2.cbe59290.js        42.05 KiB        11.21 KiB
  dist\js\chunk-6cb648af.290a097c.js        40.17 KiB        10.99 KiB
  dist\js\chunk-6e3d8a86.35cc840c.js        39.79 KiB        10.10 KiB
  dist\js\chunk-2d0e2366.75765db2.js        39.69 KiB        11.27 KiB
  dist\js\chunk-2ed2a0d7.3d7fc3f6.js        39.29 KiB        10.21 KiB
  dist\js\chunk-a816eae0.4f40ffef.js        36.93 KiB        11.59 KiB
  dist\static\ietmeditor\CodeMirror\addo    36.71 KiB        9.76 KiB
  n\merge\merge.js
  dist\js\chunk-2d0c1ed0.a213a775.js        36.58 KiB        9.69 KiB
  dist\js\chunk-684a23bb.cfbb1b2c.js        36.36 KiB        11.33 KiB
  dist\monaco-editor\min\vs\language\css    36.31 KiB        8.60 KiB
  \cssMode.js
  dist\static\ietmeditor\util\string.js     36.14 KiB        10.48 KiB
  dist\static\ueditor\ueditor.parse.js      35.91 KiB        7.95 KiB
  dist\monaco-editor\min\vs\language\htm    34.98 KiB        8.20 KiB
  l\htmlMode.js
  dist\js\chunk-6b1e3124.b7b7d635.js        34.44 KiB        9.18 KiB
  dist\js\chunk-8b2ad06e.bf1f9a77.js        33.57 KiB        9.13 KiB
  dist\monaco-editor\min\vs\loader.js       32.43 KiB        9.35 KiB
  dist\monaco-editor\min\vs\language\typ    31.94 KiB        7.70 KiB
  escript\tsMode.js
  dist\js\chunk-4f8bd8c6.868cb698.js        31.40 KiB        7.61 KiB
  dist\js\chunk-2d228ca6.a92046e8.js        31.39 KiB        7.76 KiB
  dist\js\chunk-41c8258f.03e9159b.js        31.21 KiB        4.08 KiB
  dist\js\user.281bb3a0.js                  30.85 KiB        8.54 KiB
  dist\static\ueditor\dialogs\video\vide    30.24 KiB        7.61 KiB
  o.js
  dist\static\ueditor\utf8-jsp\dialogs\v    30.24 KiB        7.61 KiB
  ideo\video.js
  dist\js\chunk-621238b8.435ecb30.js        30.03 KiB        8.19 KiB
  dist\js\chunk-2d2371be.aac06af0.js        29.91 KiB        7.39 KiB
  dist\static\ueditor\dialogs\attachment    29.35 KiB        6.56 KiB
  \attachment.js
  dist\static\ueditor\utf8-jsp\dialogs\a    29.35 KiB        6.56 KiB
  ttachment\attachment.js
  dist\static\ueditor\lang\en\en.js         29.34 KiB        8.29 KiB
  dist\static\ueditor\utf8-jsp\lang\en\e    29.34 KiB        8.29 KiB
  n.js
  dist\static\ueditor\lang\zh-cn\zh-cn.j    29.32 KiB        9.23 KiB
  s
  dist\static\ueditor\utf8-jsp\lang\zh-c    29.32 KiB        9.23 KiB
  n\zh-cn.js
  dist\js\chunk-3bef084f.c5b5d4f8.js        29.05 KiB        7.76 KiB
  dist\js\chunk-f12f37a6.eb9f2879.js        28.48 KiB        7.56 KiB
  dist\js\chunk-2d22502a.f810b900.js        28.32 KiB        7.16 KiB
  dist\js\chunk-68951efa.52e13e6c.js        28.11 KiB        7.65 KiB
  dist\js\chunk-45efc3f8.80d381e9.js        27.18 KiB        7.19 KiB
  dist\static\ueditor\dialogs\scrawl\scr    27.17 KiB        6.02 KiB
  awl.js
  dist\static\ueditor\utf8-jsp\dialogs\s    27.17 KiB        6.02 KiB
  crawl\scrawl.js
  dist\js\chunk-38c49bcf.ce6bdbb5.js        26.94 KiB        7.00 KiB
  dist\cdn\font-icon\font_2316098_umquso    26.33 KiB        8.17 KiB
  zousr.js
  dist\js\chunk-2e45da0d.5cc8df08.js        25.37 KiB        7.60 KiB
  dist\static\ueditor\third-party\highch    25.16 KiB        7.83 KiB
  arts\modules\map.src.js
  dist\static\ueditor\utf8-jsp\third-par    25.16 KiB        7.83 KiB
  ty\highcharts\modules\map.src.js
  dist\js\chunk-78da5930.b8d1ba18.js        25.13 KiB        8.65 KiB
  dist\js\chunk-27ff6db0.07a07295.js        25.02 KiB        6.63 KiB
  dist\js\chunk-4e309160.49c5bb94.js        24.88 KiB        5.54 KiB
  dist\js\chunk-1817ac1c.9f28911a.js        24.76 KiB        5.02 KiB
  dist\js\chunk-2ca214ca.03a38e3b.js        24.53 KiB        6.36 KiB
  dist\js\chunk-422b54b7.d2b9510d.js        23.50 KiB        7.33 KiB
  dist\js\chunk-2a586ed8.23552552.js        23.39 KiB        6.95 KiB
  dist\js\chunk-ac666b32.90be91b9.js        22.87 KiB        6.47 KiB
  dist\static\ueditor\ueditor.config.js     22.37 KiB        8.50 KiB
  dist\js\chunk-25dfa9cd.3b8566bb.js        22.10 KiB        6.87 KiB
  dist\js\chunk-5bcedd04.8457ffe7.js        21.82 KiB        6.12 KiB
  dist\js\chunk-22814088.2a099f95.js        21.34 KiB        6.34 KiB
  dist\static\ueditor\third-party\highch    21.30 KiB        7.95 KiB
  arts\highcharts-more.js
  dist\static\ueditor\utf8-jsp\third-par    21.30 KiB        7.95 KiB
  ty\highcharts\highcharts-more.js
  dist\js\chunk-2b45a1bc.14318ff1.js        21.10 KiB        4.73 KiB
  dist\js\chunk-648d9700.ea97ccbb.js        20.74 KiB        3.17 KiB
  dist\js\chunk-1e6a590f.5cfb430b.js        20.61 KiB        5.94 KiB
  dist\js\chunk-4f966963.5a15cf8f.js        20.61 KiB        5.78 KiB
  dist\test-regen-comprehensive.js          19.95 KiB        3.91 KiB
  dist\js\chunk-b4635346.f5267672.js        19.27 KiB        6.23 KiB
  dist\js\chunk-51b5690f.ec9a7064.js        19.08 KiB        6.24 KiB
  dist\js\chunk-183de7d8.6eba6461.js        18.88 KiB        6.25 KiB
  dist\js\chunk-03ce6b44.e49e8337.js        18.79 KiB        4.91 KiB
  dist\static\ietmeditor\CodeMirror\addo    18.74 KiB        5.98 KiB
  n\merge\diff_match_patch.js
  dist\js\chunk-ab707452.612c4879.js        18.73 KiB        6.01 KiB
  dist\monaco-editor\min\vs\basic-langua    18.57 KiB        4.60 KiB
  ges\solidity\solidity.js
  dist\js\chunk-f1c806b2.fd2ee469.js        18.42 KiB        4.57 KiB
  dist\js\chunk-f3674912.919d2f6b.js        18.41 KiB        5.42 KiB
  dist\static\ietmeditor\CodeMirror\addo    18.38 KiB        5.50 KiB
  n\hint\show-hint.js
  dist\js\chunk-2d0aeb45.82740fc5.js        18.19 KiB        4.40 KiB
  dist\js\chunk-14cee10c.3d954b5e.js        17.62 KiB        4.64 KiB
  dist\js\chunk-60c80fb2.6230e2cd.js        17.52 KiB        5.05 KiB
  dist\js\chunk-1da69a8c.8bf2fd23.js        17.44 KiB        5.21 KiB
  dist\static\ietmeditor\util\IetmXmlEdi    17.40 KiB        6.35 KiB
  tor.js
  dist\static\ietmeditor\IetmXmlEditor.j    17.27 KiB        6.31 KiB
  s
  dist\js\chunk-80089ee2.b03d8a68.js        17.25 KiB        4.03 KiB
  dist\monaco-editor\min\vs\basic-langua    16.95 KiB        4.97 KiB
  ges\powerquery\powerquery.js
  dist\static\ueditor\third-party\highch    16.86 KiB        5.76 KiB
  arts\modules\exporting.src.js
  dist\static\ueditor\utf8-jsp\third-par    16.86 KiB        5.76 KiB
  ty\highcharts\modules\exporting.src.js
  dist\js\chunk-2d0d2f22.484c42f5.js        16.57 KiB        4.79 KiB
  dist\js\chunk-fc8c7afa.99a935b9.js        16.56 KiB        4.95 KiB
  dist\js\chunk-5a11c8e9.86827973.js        15.78 KiB        5.55 KiB
  dist\static\ietmeditor\_Designer\IetmE    15.74 KiB        5.02 KiB
  ditorDesignerPara.js
  dist\js\chunk-472c2409.4c8f7701.js        15.37 KiB        5.15 KiB
  dist\test-regen.js                        15.23 KiB        3.53 KiB
  dist\js\chunk-62b5b838.8e353d73.js        15.19 KiB        5.12 KiB
  dist\js\chunk-ccebddf0.3b34d4f9.js        15.17 KiB        5.38 KiB
  dist\static\ueditor\third-party\highch    15.14 KiB        4.83 KiB
  arts\modules\data.src.js
  dist\static\ueditor\utf8-jsp\third-par    15.14 KiB        4.83 KiB
  ty\highcharts\modules\data.src.js
  dist\js\chunk-d62bb5d0.96f79614.js        15.09 KiB        4.10 KiB
  dist\js\chunk-5fa4fda3.ccb6c441.js        15.02 KiB        4.39 KiB
  dist\js\chunk-155d1d61.f374e54d.js        14.87 KiB        4.96 KiB
  dist\js\chunk-5df0aad8.1b0fa123.js        14.56 KiB        4.90 KiB
  dist\static\ueditor\dialogs\background    14.41 KiB        3.59 KiB
  \background.js
  dist\static\ueditor\utf8-jsp\dialogs\b    14.41 KiB        3.59 KiB
  ackground\background.js
  dist\js\chunk-29dac7cf.a5e69bb6.js        14.38 KiB        5.16 KiB
  dist\js\chunk-3f544492.6860da90.js        14.31 KiB        4.85 KiB
  dist\monaco-editor\min\vs\basic-langua    14.23 KiB        5.42 KiB
  ges\abap\abap.js
  dist\js\chunk-9854af5c.995e1935.js        14.21 KiB        4.09 KiB
  dist\js\chunk-27b4c5d4.c503a847.js        14.16 KiB        4.37 KiB
  dist\js\chunk-772a875d.0eca135b.js        13.86 KiB        5.25 KiB
  dist\js\chunk-28b4c9fa.a5145657.js        13.65 KiB        4.86 KiB
  dist\js\chunk-3208f484.1be9572e.js        13.58 KiB        4.55 KiB
  dist\monaco-editor\min\vs\basic-langua    13.49 KiB        4.61 KiB
  ges\pgsql\pgsql.js
  dist\js\chunk-070db690.ae011885.js        13.33 KiB        4.17 KiB
  dist\js\chunk-2d21a5d3.fd441377.js        13.32 KiB        4.79 KiB
  dist\js\chunk-851e9064.22a09233.js        13.26 KiB        4.03 KiB
  dist\js\chunk-3e86dc02.c99e14d5.js        13.17 KiB        3.90 KiB
  dist\js\chunk-2d0b6187.000618cd.js        13.12 KiB        4.44 KiB
  dist\js\chunk-15efa5d0.32ddfa32.js        13.11 KiB        3.35 KiB
  dist\js\chunk-936ee4c0.710aa3b6.js        13.05 KiB        4.27 KiB
  dist\js\chunk-13848c2c.0442fe61.js        12.76 KiB        3.40 KiB
  dist\js\chunk-34f2d37e.13018409.js        12.66 KiB        4.38 KiB
  dist\static\ietmeditor\CodeMirror\mode    12.58 KiB        3.13 KiB
  \xml\xml.js
  dist\js\chunk-27e41508.024e5afa.js        12.36 KiB        4.52 KiB
  dist\static\ueditor\dialogs\template\c    12.23 KiB        2.57 KiB
  onfig.js
  dist\static\ueditor\utf8-jsp\dialogs\t    12.23 KiB        2.57 KiB
  emplate\config.js
  dist\js\chunk-50bba626.29ae2ba9.js        12.18 KiB        3.87 KiB
  dist\js\chunk-23c1ef08.43588df4.js        12.15 KiB        4.03 KiB
  dist\js\chunk-f425e176.b8d69450.js        11.97 KiB        4.05 KiB
  dist\monaco-editor\min\vs\basic-langua    11.92 KiB        4.45 KiB
  ges\redshift\redshift.js
  dist\static\ietmeditor\CodeMirror\addo    11.69 KiB        2.94 KiB
  n\search\searchcursor.js
  dist\js\chunk-746e09c3.1763d85a.js        11.54 KiB        4.28 KiB
  dist\js\chunk-71121512.6b38fc98.js        11.41 KiB        6.13 KiB
  dist\js\chunk-02ffcfae.552edcd5.js        11.40 KiB        3.54 KiB
  dist\static\ueditor\third-party\highch    11.38 KiB        3.83 KiB
  arts\adapters\standalone-framework.src
  .js
  dist\static\ueditor\utf8-jsp\third-par    11.38 KiB        3.83 KiB
  ty\highcharts\adapters\standalone-fram
  ework.src.js
  dist\js\chunk-850eb6ca.c7e1e1f7.js        11.33 KiB        3.83 KiB
  dist\js\chunk-76980e03.b4183df1.js        11.25 KiB        3.34 KiB
  dist\tinymce\langs\zh_CN.js               11.25 KiB        3.94 KiB
  dist\js\chunk-7a7156c0.0208bdfb.js        11.22 KiB        3.62 KiB
  dist\js\chunk-697bdbfe.90d3cc3f.js        11.15 KiB        3.56 KiB
  dist\static\ietmeditor\CodeMirror\addo    11.08 KiB        3.13 KiB
  n\search\search.js
  dist\static\ietmeditor\CodeMirror\addo    11.08 KiB        3.40 KiB
  n\hint\html-hint.js
  dist\js\chunk-41ad19c2.fcf03c8f.js        10.90 KiB        2.57 KiB
  dist\static\ueditor\dialogs\charts\cha    10.89 KiB        3.37 KiB
  rts.js
  dist\static\ueditor\utf8-jsp\dialogs\c    10.89 KiB        3.37 KiB
  harts\charts.js
  dist\static\ietmeditor\util\jquery.for    10.84 KiB        3.29 KiB
  mat.js
  dist\js\chunk-3eac0f59.66d52c39.js        10.81 KiB        3.43 KiB
  dist\static\ueditor\third-party\highch    10.69 KiB        3.15 KiB
  arts\modules\drilldown.src.js
  dist\static\ueditor\utf8-jsp\third-par    10.69 KiB        3.15 KiB
  ty\highcharts\modules\drilldown.src.js
  dist\js\chunk-986582ea.814409c7.js        10.69 KiB        3.53 KiB
  dist\js\chunk-4096990e.2624a4c8.js        10.66 KiB        3.28 KiB
  dist\js\chunk-7ad667c8.8966bc8c.js        10.50 KiB        3.15 KiB
  dist\monaco-editor\min\vs\basic-langua    10.48 KiB        3.93 KiB
  ges\mysql\mysql.js
  dist\monaco-editor\min\vs\basic-langua    10.45 KiB        4.01 KiB
  ges\sql\sql.js
  dist\js\chunk-a9d5f7ca.10f90af6.js        10.43 KiB        3.50 KiB
  dist\js\chunk-d11a6306.7c7cf92d.js        10.43 KiB        2.59 KiB
  dist\js\chunk-035bd87c.00201d3b.js        10.40 KiB        3.58 KiB
  dist\js\chunk-ddb8321c.09a1ade6.js        10.40 KiB        3.96 KiB
  dist\js\chunk-2d20f745.e26951d8.js        10.10 KiB        3.74 KiB
  dist\js\chunk-3f43096e.340396aa.js        10.09 KiB        3.49 KiB
  dist\js\chunk-2d0ae937.2ac1b229.js        10.08 KiB        3.81 KiB
  dist\js\chunk-d0d6577c.2a62584b.js        10.05 KiB        3.55 KiB
  dist\js\chunk-76c152d1.66cf1b29.js        10.02 KiB        3.14 KiB
  dist\js\chunk-9023ac98.9c3ff76c.js        9.97 KiB         3.32 KiB
  dist\js\chunk-47147aed.dc857ecf.js        9.90 KiB         3.28 KiB
  dist\static\ueditor\third-party\highch    9.88 KiB         4.04 KiB
  arts\modules\map.js
  dist\static\ueditor\utf8-jsp\third-par    9.88 KiB         4.04 KiB
  ty\highcharts\modules\map.js
  dist\js\chunk-965aecb2.b0face18.js        9.87 KiB         3.30 KiB
  dist\monaco-editor\min\vs\basic-langua    9.87 KiB         2.64 KiB
  ges\elixir\elixir.js
  dist\monaco-editor\min\vs\basic-langua    9.82 KiB         3.76 KiB
  ges\clojure\clojure.js
  dist\js\chunk-44377af7.7e166123.js        9.69 KiB         3.27 KiB
  dist\js\chunk-57bb7720.c2ade55b.js        9.61 KiB         3.16 KiB
  dist\js\chunk-04635cd8.396b8edf.js        9.50 KiB         2.76 KiB
  dist\js\chunk-2d0e5b34.b4c40fbb.js        9.49 KiB         2.47 KiB
  dist\js\chunk-2d0a3577.6d5c67de.js        9.45 KiB         3.59 KiB
  dist\static\ietmeditor\CodeMirror\addo    9.33 KiB         2.68 KiB
  n\hint\sql-hint.js
  dist\monaco-editor\min\vs\basic-langua    9.19 KiB         2.24 KiB
  ges\protobuf\protobuf.js
  dist\js\chunk-7854b3bd.2ed9459f.js        9.13 KiB         2.89 KiB
  dist\v2.js                                9.08 KiB         3.45 KiB
  dist\static\ietmeditor\CodeMirror\addo    9.01 KiB         2.97 KiB
  n\hint\xml-hint.js
  dist\js\chunk-acf0bcce.bdd307c4.js        8.83 KiB         3.29 KiB
  dist\js\chunk-2d208bdf.8a34094c.js        8.82 KiB         2.07 KiB
  dist\js\chunk-2d21e413.eae8abe1.js        8.77 KiB         3.07 KiB
  dist\static\ueditor\dialogs\table\edit    8.72 KiB         2.01 KiB
  table.js
  dist\static\ueditor\third-party\highch    8.72 KiB         3.17 KiB
  arts\adapters\prototype-adapter.src.js
  dist\static\ueditor\utf8-jsp\dialogs\t    8.72 KiB         2.01 KiB
  able\edittable.js
  dist\static\ueditor\utf8-jsp\third-par    8.72 KiB         3.17 KiB
  ty\highcharts\adapters\prototype-adapt
  er.src.js
  dist\monaco-editor\min\vs\basic-langua    8.71 KiB         2.74 KiB
  ges\ruby\ruby.js
  dist\monaco-editor\min\vs\basic-langua    8.67 KiB         2.28 KiB
  ges\razor\razor.js
  dist\monaco-editor\min\vs\basic-langua    8.46 KiB         3.29 KiB
  ges\perl\perl.js
  dist\js\chunk-ccbb88aa.b8988593.js        8.46 KiB         2.88 KiB
  dist\js\chunk-9a58e340.20ac2a5b.js        8.41 KiB         2.91 KiB
  dist\js\chunk-2d0ac3ff.7f14cce7.js        8.38 KiB         2.75 KiB
  dist\js\chunk-2d2295e9.830cc899.js        8.33 KiB         2.56 KiB
  dist\js\chunk-0b713890.cdd267e2.js        8.28 KiB         2.88 KiB
  dist\js\chunk-2d0abc00.1cfe34f2.js        8.26 KiB         2.09 KiB
  dist\js\chunk-322cff99.7a49001c.js        8.25 KiB         2.16 KiB
  dist\monaco-editor\min\vs\basic-langua    8.24 KiB         2.25 KiB
  ges\php\php.js
  dist\js\chunk-9740a9e4.a9c52296.js        8.22 KiB         2.71 KiB
  dist\js\chunk-289539c8.5623880a.js        8.18 KiB         2.97 KiB
  dist\static\ueditor\third-party\highch    8.18 KiB         2.58 KiB
  arts\modules\annotations.src.js
  dist\static\ueditor\utf8-jsp\third-par    8.18 KiB         2.58 KiB
  ty\highcharts\modules\annotations.src.
  js
  dist\js\chunk-9617fa84.df7249df.js        8.16 KiB         3.35 KiB
  dist\js\chunk-2d20924a.42efabce.js        8.14 KiB         2.43 KiB
  dist\js\chunk-760b9ce3.1c6a1917.js        8.14 KiB         2.21 KiB
  dist\js\chunk-515b7eae.16585358.js        8.13 KiB         2.90 KiB
  dist\js\chunk-2d0e5b73.7a790ec8.js        8.13 KiB         3.11 KiB
  dist\js\chunk-0028cdd6.836df5cb.js        8.12 KiB         2.78 KiB
  dist\js\chunk-4e198e7c.799c4904.js        8.12 KiB         3.02 KiB
  dist\js\chunk-2d0c0494.ca25b486.js        8.09 KiB         3.11 KiB
  dist\monaco-editor\min\vs\basic-langua    8.08 KiB         2.61 KiB
  ges\postiats\postiats.js
  dist\js\chunk-98a97c06.512a32a4.js        8.07 KiB         2.74 KiB
  dist\js\chunk-03052987.57aa1a1d.js        8.07 KiB         3.16 KiB
  dist\js\chunk-404dab48.4c336103.js        8.05 KiB         2.82 KiB
  dist\js\chunk-259eace8.96a296e9.js        8.05 KiB         2.68 KiB
  dist\js\chunk-0568f6a4.06dc79bb.js        7.97 KiB         3.11 KiB
  dist\js\chunk-2d0e57ec.80d90699.js        7.87 KiB         2.08 KiB
  dist\monaco-editor\min\vs\basic-langua    7.84 KiB         2.92 KiB
  ges\systemverilog\systemverilog.js
  dist\static\ietmeditor\CodeMirror\addo    7.82 KiB         2.56 KiB
  n\edit\closetag.js
  dist\static\ueditor\dialogs\music\musi    7.82 KiB         2.17 KiB
  c.js
  dist\static\ueditor\utf8-jsp\dialogs\m    7.82 KiB         2.17 KiB
  usic\music.js
  dist\js\chunk-46d44fee.a3a76bac.js        7.81 KiB         2.76 KiB
  dist\js\chunk-bd53669c.7f23f7ee.js        7.79 KiB         2.71 KiB
  dist\static\ietmeditor\res\notations.j    7.74 KiB         1.49 KiB
  s
  dist\js\chunk-457598da.513bfd9d.js        7.72 KiB         2.92 KiB
  dist\js\chunk-c9ae1e50.9ed9c238.js        7.72 KiB         2.63 KiB
  dist\js\chunk-2d0cf16e.cc4c0106.js        7.70 KiB         2.44 KiB
  dist\js\chunk-16aeba2b.f518f3ce.js        7.62 KiB         2.96 KiB
  dist\monaco-editor\min\vs\basic-langua    7.61 KiB         2.40 KiB
  ges\st\st.js
  dist\static\ueditor\third-party\highch    7.61 KiB         2.91 KiB
  arts\adapters\mootools-adapter.src.js
  dist\static\ueditor\utf8-jsp\third-par    7.61 KiB         2.91 KiB
  ty\highcharts\adapters\mootools-adapte
  r.src.js
  dist\js\chunk-16faa8f6.8293b43f.js        7.55 KiB         2.81 KiB
  dist\monaco-editor\min\vs\basic-langua    7.55 KiB         2.27 KiB
  ges\scala\scala.js
  dist\js\chunk-2d22d824.7cbd1c1f.js        7.51 KiB         2.51 KiB
  dist\js\chunk-2d0a40c8.c6fcb054.js        7.45 KiB         2.74 KiB
  dist\monaco-editor\min\vs\basic-langua    7.38 KiB         2.82 KiB
  ges\julia\julia.js
  dist\js\chunk-5148920d.8880cb45.js        7.33 KiB         2.66 KiB
  dist\test-modal-audit.js                  7.26 KiB         2.51 KiB
  dist\js\chunk-e01e404a.e86c85f7.js        7.25 KiB         2.25 KiB
  dist\js\chunk-2d2138c7.dc9ba038.js        7.24 KiB         2.23 KiB
  dist\js\chunk-f708bbbc.40e62f4e.js        7.21 KiB         2.54 KiB
  dist\js\chunk-2d0c86e3.c913a390.js        7.18 KiB         2.10 KiB
  dist\js\chunk-e42d300a.94802cc6.js        7.16 KiB         2.79 KiB
  dist\js\chunk-3a177310.5d0ab983.js        7.15 KiB         2.34 KiB
  dist\static\ueditor\third-party\highch    7.08 KiB         3.10 KiB
  arts\modules\exporting.js
  dist\static\ueditor\utf8-jsp\third-par    7.08 KiB         3.10 KiB
  ty\highcharts\modules\exporting.js
  dist\js\chunk-2d0b722e.2a938079.js        7.07 KiB         2.45 KiB
  dist\js\chunk-24e03b68.3d4e93cb.js        7.04 KiB         2.61 KiB
  dist\js\chunk-2d0e4fe5.e7382992.js        7.01 KiB         2.64 KiB
  dist\js\chunk-77006a64.93316f63.js        6.99 KiB         2.43 KiB
  dist\js\chunk-36dbe6e4.07348ad2.js        6.99 KiB         2.51 KiB
  dist\js\chunk-6a0ac984.d36cb463.js        6.78 KiB         2.09 KiB
  dist\static\ietmeditor\CodeMirror\addo    6.74 KiB         1.93 KiB
  n\edit\closebrackets.js
  dist\js\chunk-f1cd2b70.4abf324e.js        6.74 KiB         2.21 KiB
  dist\js\chunk-5580da4a.7b4df037.js        6.72 KiB         2.35 KiB
  dist\monaco-editor\min\vs\basic-langua    6.71 KiB         1.61 KiB
  ges\handlebars\handlebars.js
  dist\monaco-editor\min\vs\basic-langua    6.66 KiB         1.93 KiB
  ges\scss\scss.js
  dist\static\ietmeditor\CodeMirror\addo    6.54 KiB         1.88 KiB
  n\fold\xml-fold.js
  dist\js\chunk-3a5403df.b3fd0be8.js        6.53 KiB         2.09 KiB
  dist\js\chunk-73e7e75c.65143562.js        6.51 KiB         2.29 KiB
  dist\js\chunk-68b81eec.fbcc54af.js        6.49 KiB         2.44 KiB
  dist\js\chunk-63ef3ed2.e5f6b552.js        6.42 KiB         2.06 KiB
  dist\static\ietmeditor\CodeMirror\addo    6.42 KiB         2.21 KiB
  n\hint\javascript-hint.js
  dist\js\chunk-2d0e9bb1.98ad6ee1.js        6.38 KiB         1.69 KiB
  dist\static\ueditor\third-party\highch    6.38 KiB         2.34 KiB
  arts\modules\funnel.src.js
  dist\static\ueditor\utf8-jsp\third-par    6.38 KiB         2.34 KiB
  ty\highcharts\modules\funnel.src.js
  dist\js\chunk-7f78b090.5f95cd1b.js        6.36 KiB         2.18 KiB
  dist\static\ietmeditor\_Designer\_Part    6.34 KiB         1.86 KiB
  \IetmEditorDesignerDatagrid.js
  dist\static\ueditor\dialogs\emotion\em    6.33 KiB         2.06 KiB
  otion.js
  dist\static\ueditor\utf8-jsp\dialogs\e    6.33 KiB         2.06 KiB
  motion\emotion.js
  dist\monaco-editor\min\vs\basic-langua    6.30 KiB         2.27 KiB
  ges\javascript\javascript.js
  dist\js\chunk-2d0c46d1.c199c5cb.js        6.30 KiB         1.42 KiB
  dist\js\chunk-7473f312.b765a05e.js        6.29 KiB         1.75 KiB
  dist\monaco-editor\min\vs\basic-langua    6.24 KiB         1.72 KiB
  ges\twig\twig.js
  dist\js\chunk-71426bc4.df55c320.js        6.21 KiB         2.16 KiB
  dist\static\ietmeditor\util\commonz.js    6.20 KiB         2.62 KiB
  dist\js\chunk-2d0c1aed.186ef7cb.js        6.20 KiB         1.78 KiB
  dist\static\ietmeditor\CodeMirror\addo    6.11 KiB         2.15 KiB
  n\edit\matchbrackets.js
  dist\monaco-editor\min\vs\basic-langua    6.05 KiB         2.24 KiB
  ges\vb\vb.js
  dist\js\chunk-2d21026e.16c2b657.js        5.96 KiB         1.79 KiB
  dist\static\ietmeditor\CodeMirror\addo    5.89 KiB         1.99 KiB
  n\search\match-highlighter.js
  dist\js\chunk-2d0f0a11.d4d16b58.js        5.87 KiB         1.54 KiB
  dist\js\chunk-2e202db4.1e611727.js        5.86 KiB         1.76 KiB
  dist\js\chunk-7532b3ea.36f52f48.js        5.85 KiB         2.08 KiB
  dist\monaco-editor\min\vs\basic-langua    5.72 KiB         2.30 KiB
  ges\cpp\cpp.js
  dist\js\chunk-1a8e101b.54300779.js        5.71 KiB         1.66 KiB
  dist\js\chunk-2d0d7e63.29226555.js        5.68 KiB         2.06 KiB
  dist\js\chunk-2d22975b.34f849ee.js        5.65 KiB         2.07 KiB
  dist\monaco-editor\min\vs\basic-langua    5.62 KiB         2.40 KiB
  ges\ecl\ecl.js
  dist\js\chunk-2d225d87.48d8d7ac.js        5.56 KiB         1.75 KiB
  dist\js\chunk-1a3b2eec.712bb1f2.js        5.44 KiB         1.92 KiB
  dist\js\chunk-2d2165c9.b74920ef.js        5.42 KiB         1.87 KiB
  dist\static\ueditor\third-party\highch    5.42 KiB         1.94 KiB
  arts\modules\drilldown.js
  dist\static\ueditor\utf8-jsp\third-par    5.42 KiB         1.94 KiB
  ty\highcharts\modules\drilldown.js
  dist\js\chunk-746885fd.a676a598.js        5.41 KiB         2.01 KiB
  dist\js\chunk-2d0e22d6.398194cf.js        5.35 KiB         2.13 KiB
  dist\monaco-editor\min\vs\basic-langua    5.35 KiB         2.13 KiB
  ges\typescript\typescript.js
  dist\static\ietmeditor\CodeMirror\addo    5.33 KiB         1.63 KiB
  n\scroll\simplescrollbars.js
  dist\js\chunk-2d237cb5.bf7a2dad.js        5.31 KiB         1.77 KiB
  dist\js\chunk-2d0d7217.51b540d1.js        5.29 KiB         1.81 KiB
  dist\js\chunk-74855a64.dc14e45f.js        5.25 KiB         2.24 KiB
  dist\js\chunk-e7420cdc.64d8805d.js        5.24 KiB         1.90 KiB
  dist\js\chunk-64ea1b29.fc66cb50.js        5.21 KiB         2.29 KiB
  dist\monaco-editor\min\vs\basic-langua    5.20 KiB         2.15 KiB
  ges\msdax\msdax.js
  dist\monaco-editor\min\vs\basic-langua    5.11 KiB         1.83 KiB
  ges\pug\pug.js
  dist\js\chunk-2d0f1526.f2236af5.js        5.08 KiB         1.87 KiB
  dist\js\chunk-877b5a06.e76273b0.js        5.06 KiB         2.22 KiB
  dist\js\chunk-2f500140.718f5ce2.js        5.05 KiB         2.10 KiB
  dist\js\chunk-3cb088f8.0d7c4c2f.js        5.02 KiB         2.04 KiB
  dist\js\chunk-68f1317b.4e1372ca.js        5.02 KiB         2.22 KiB
  dist\js\chunk-2d0f043e.c2f0c4cc.js        4.96 KiB         1.86 KiB
  dist\js\chunk-012368b6.3c3a421a.js        4.96 KiB         2.06 KiB
  dist\static\ueditor\third-party\highch    4.95 KiB         2.15 KiB
  arts\adapters\standalone-framework.js
  dist\static\ueditor\utf8-jsp\third-par    4.95 KiB         2.15 KiB
  ty\highcharts\adapters\standalone-fram
  ework.js
  dist\js\chunk-2d238446.11431c5d.js        4.94 KiB         2.06 KiB
  dist\js\chunk-2d22ca58.d17034a3.js        4.92 KiB         1.95 KiB
  dist\js\chunk-791930ae.4dce74e2.js        4.89 KiB         2.09 KiB
  dist\js\chunk-6acfa123.789859b8.js        4.89 KiB         2.24 KiB
  dist\js\chunk-c89f2f6c.84143287.js        4.87 KiB         1.89 KiB
  dist\js\chunk-e133d1a6.00d1ca13.js        4.87 KiB         2.01 KiB
  dist\monaco-editor\min\vs\basic-langua    4.83 KiB         1.38 KiB
  ges\html\html.js
  dist\js\chunk-2d22c171.ae96f0b6.js        4.82 KiB         1.96 KiB
  dist\monaco-editor\min\vs\basic-langua    4.82 KiB         1.91 KiB
  ges\csharp\csharp.js
  dist\static\ietmeditor\CodeMirror\addo    4.82 KiB         1.49 KiB
  n\dialog\dialog.js
  dist\monaco-editor\min\vs\basic-langua    4.80 KiB         1.57 KiB
  ges\css\css.js
  dist\js\chunk-2d0cbac2.388765fa.js        4.79 KiB         2.17 KiB
  dist\js\chunk-2d0b2762.668d64e2.js        4.74 KiB         1.66 KiB
  dist\js\chunk-2d0df7f6.5bf88e4c.js        4.74 KiB         1.54 KiB
  dist\static\ietmeditor\CodeMirror\addo    4.74 KiB         1.55 KiB
  n\fold\foldcode.js
  dist\js\chunk-2d0a3d24.6586e422.js        4.74 KiB         2.06 KiB
  dist\js\chunk-fe163256.6a5af708.js        4.68 KiB         1.83 KiB
  dist\js\chunk-748eaa22.1a83ff10.js        4.66 KiB         1.98 KiB
  dist\monaco-editor\min\vs\basic-langua    4.65 KiB         1.90 KiB
  ges\swift\swift.js
  dist\js\chunk-2d0d01f4.1347394b.js        4.62 KiB         1.74 KiB
  dist\static\ueditor\dialogs\spechars\s    4.62 KiB         2.58 KiB
  pechars.js
  dist\static\ueditor\utf8-jsp\dialogs\s    4.62 KiB         2.58 KiB
  pechars\spechars.js
  dist\static\ietmeditor\CodeMirror\addo    4.61 KiB         1.41 KiB
  n\fold\foldgutter.js
  dist\js\chunk-fe7bffda.f2411026.js        4.60 KiB         1.99 KiB
  dist\js\chunk-598e40e9.3f0074b8.js        4.58 KiB         1.93 KiB
  dist\test-brexdmref-check.js              4.57 KiB         1.61 KiB
  dist\monaco-editor\min\vs\basic-langua    4.55 KiB         1.84 KiB
  ges\dart\dart.js
  dist\js\chunk-2d0e4ecc.210a14ba.js        4.55 KiB         1.54 KiB
  dist\js\chunk-3e50ff42.271e77d9.js        4.53 KiB         1.87 KiB
  dist\js\chunk-2d23019d.036f67b1.js        4.49 KiB         1.87 KiB
  dist\monaco-editor\min\vs\basic-langua    4.46 KiB         2.01 KiB
  ges\rust\rust.js
  dist\static\ueditor\dialogs\searchrepl    4.46 KiB         1.30 KiB
  ace\searchreplace.js
  dist\static\ueditor\utf8-jsp\dialogs\s    4.46 KiB         1.30 KiB
  earchreplace\searchreplace.js
  dist\js\chunk-74d274d1.fc1e1d84.js        4.45 KiB         1.31 KiB
  dist\js\chunk-2d237ee7.9b271433.js        4.45 KiB         1.73 KiB
  dist\js\chunk-2d21b84a.912fc302.js        4.43 KiB         1.39 KiB
  dist\js\chunk-2d0c0c28.4dc08999.js        4.43 KiB         1.53 KiB
  dist\js\chunk-2d20ff23.91e03d4c.js        4.42 KiB         1.19 KiB
  dist\js\chunk-2d0c4e25.88298646.js        4.42 KiB         2.04 KiB
  dist\js\chunk-2d0be29d.4e2b87af.js        4.39 KiB         1.69 KiB
  dist\static\ueditor\third-party\highch    4.38 KiB         1.21 KiB
  arts\themes\gray.js
  dist\static\ueditor\utf8-jsp\third-par    4.38 KiB         1.21 KiB
  ty\highcharts\themes\gray.js
  dist\js\chunk-b124276a.94ee7cf5.js        4.37 KiB         1.82 KiB
  dist\js\chunk-41508c02.36e8927b.js        4.37 KiB         1.86 KiB
  dist\static\ietmeditor\CodeMirror\addo    4.34 KiB         1.52 KiB
  n\scroll\annotatescrollbar.js
  dist\static\ueditor\third-party\highch    4.33 KiB         1.90 KiB
  arts\modules\data.js
  dist\static\ueditor\utf8-jsp\third-par    4.33 KiB         1.90 KiB
  ty\highcharts\modules\data.js
  dist\js\chunk-d87d8f30.2b507c39.js        4.33 KiB         1.67 KiB
  dist\js\chunk-2d2107ed.291c7734.js        4.31 KiB         1.65 KiB
  dist\monaco-editor\min\vs\basic-langua    4.28 KiB         1.95 KiB
  ges\apex\apex.js
  dist\js\chunk-2d21dcd2.0a8b4b99.js        4.28 KiB         1.76 KiB
  dist\static\ueditor\third-party\highch    4.25 KiB         1.20 KiB
  arts\themes\dark-blue.js
  dist\static\ueditor\utf8-jsp\third-par    4.25 KiB         1.20 KiB
  ty\highcharts\themes\dark-blue.js
  dist\js\chunk-745ae736.4ea64196.js        4.24 KiB         1.41 KiB
  dist\monaco-editor\min\vs\basic-langua    4.24 KiB         1.58 KiB
  ges\restructuredtext\restructuredtext.
  js
  dist\static\ueditor\third-party\highch    4.24 KiB         1.21 KiB
  arts\themes\dark-green.js
  dist\static\ueditor\utf8-jsp\third-par    4.24 KiB         1.21 KiB
  ty\highcharts\themes\dark-green.js
  dist\js\chunk-25b10da4.b95ffb39.js        4.23 KiB         1.61 KiB
  dist\monaco-editor\min\vs\basic-langua    4.21 KiB         1.61 KiB
  ges\less\less.js
  dist\static\ueditor\dialogs\wordimage\    4.20 KiB         1.99 KiB
  wordimage.js
  dist\static\ueditor\utf8-jsp\dialogs\w    4.20 KiB         1.99 KiB
  ordimage\wordimage.js
  dist\js\chunk-2d0de971.b6e1ddc0.js        4.18 KiB         1.66 KiB
  dist\static\ietmeditor\res\jquery-easy    4.15 KiB         1.31 KiB
  ui-ribbon\jquery.ribbon.js
  dist\js\chunk-2d213024.88c1cb95.js        4.13 KiB         1.24 KiB
  dist\monaco-editor\min\vs\basic-langua    4.11 KiB         1.58 KiB
  ges\markdown\markdown.js
  dist\js\chunk-2d238465.04d04605.js        4.09 KiB         1.83 KiB
  dist\js\chunk-2d0cf511.525b73cf.js        4.03 KiB         1.55 KiB
  dist\js\chunk-411f668f.9cf61223.js        4.01 KiB         1.17 KiB
  dist\js\chunk-f7130340.f916d867.js        4.00 KiB         1.63 KiB
  dist\js\chunk-2d0d70c6.72384c64.js        3.99 KiB         1.47 KiB
  dist\js\chunk-5a06ea50.f737c0b6.js        3.98 KiB         1.75 KiB
  dist\js\chunk-2d229225.36734699.js        3.97 KiB         1.64 KiB
  dist\monaco-editor\min\vs\basic-langua    3.96 KiB         1.65 KiB
  ges\liquid\liquid.js
  dist\js\chunk-2d0d056d.0ba1c723.js        3.92 KiB         1.77 KiB
  dist\monaco-editor\min\vs\basic-langua    3.91 KiB         1.50 KiB
  ges\coffee\coffee.js
  dist\monaco-editor\min\vs\basic-langua    3.90 KiB         1.68 KiB
  ges\hcl\hcl.js
  dist\js\chunk-09b939f2.5d966f64.js        3.89 KiB         1.60 KiB
  dist\monaco-editor\min\vs\basic-langua    3.89 KiB         1.56 KiB
  ges\tcl\tcl.js
  dist\monaco-editor\min\vs\basic-langua    3.88 KiB         1.68 KiB
  ges\redis\redis.js
  dist\js\chunk-2d0e1b62.97d260a0.js        3.87 KiB         1.39 KiB
  dist\monaco-editor\min\vs\basic-langua    3.86 KiB         1.43 KiB
  ges\yaml\yaml.js
  dist\static\ietmeditor\CodeMirror\addo    3.85 KiB         1.26 KiB
  n\fold\brace-fold.js
  dist\js\chunk-2d0bdf38.5f16d45a.js        3.84 KiB         1.39 KiB
  dist\js\chunk-14157ab4.a341c26e.js        3.84 KiB         1.48 KiB
  dist\js\chunk-2d0bb267.7a28f6da.js        3.83 KiB         1.43 KiB
  dist\js\chunk-2d216d93.f3cdb432.js        3.82 KiB         1.55 KiB
  dist\js\chunk-2d21abe5.b68efd7e.js        3.80 KiB         1.13 KiB
  dist\js\chunk-4a7b3597.a1b236cc.js        3.79 KiB         1.71 KiB
  dist\js\chunk-5ba41c0a.6476adba.js        3.78 KiB         1.34 KiB
  dist\monaco-editor\min\vs\basic-langua    3.76 KiB         1.67 KiB
  ges\kotlin\kotlin.js
  dist\js\chunk-4a211010.70baf270.js        3.76 KiB         1.70 KiB
  dist\static\ietmeditor\CodeMirror\addo    3.76 KiB         1.25 KiB
  n\selection\mark-selection.js
  dist\js\chunk-2d0a484b.95f74856.js        3.74 KiB         1.54 KiB
  dist\js\chunk-2d0c512b.1b5560d9.js        3.73 KiB         1.40 KiB
  dist\js\chunk-329b0102.b3dc9864.js        3.72 KiB         1.77 KiB
  dist\static\ietmeditor\CodeMirror\addo    3.72 KiB         1.22 KiB
  n\search\matchesonscrollbar.js
  dist\js\chunk-2d217e2b.10402279.js        3.70 KiB         1.37 KiB
  dist\js\chunk-30c74116.527bb810.js        3.65 KiB         1.43 KiB
  dist\js\chunk-30c913cb.7bf776a9.js        3.65 KiB         1.43 KiB
  dist\monaco-editor\min\vs\basic-langua    3.60 KiB         1.57 KiB
  ges\powershell\powershell.js
  dist\monaco-editor\min\vs\basic-langua    3.58 KiB         1.56 KiB
  ges\python\python.js
  dist\fix-refs-structure.js                3.57 KiB         1.38 KiB
  dist\js\chunk-2d0b1fd5.6df67aab.js        3.55 KiB         1.46 KiB
  dist\js\chunk-2d22c324.c46a1975.js        3.55 KiB         1.55 KiB
  dist\monaco-editor\min\vs\basic-langua    3.55 KiB         1.60 KiB
  ges\java\java.js
  dist\js\chunk-2d212c43.c5806c2f.js        3.54 KiB         1.31 KiB
  dist\js\chunk-2d0dd42f.ed3f12a2.js        3.54 KiB         1.29 KiB
  dist\js\chunk-2d0a3196.5d7d23e0.js        3.54 KiB         1.50 KiB
  dist\js\chunk-2d21f327.4757629e.js        3.53 KiB         1.31 KiB
  dist\js\chunk-2d216f3b.2af43e2b.js        3.51 KiB         1.38 KiB
  dist\js\chunk-4ba219c9.c65d0848.js        3.51 KiB         1.52 KiB
  dist\js\chunk-2d0ea098.74644833.js        3.50 KiB         1.50 KiB
  dist\js\chunk-2d0aab07.f2fa42d9.js        3.49 KiB         1.25 KiB
  dist\static\ietmeditor\CodeMirror\addo    3.46 KiB         1.32 KiB
  n\edit\continuelist.js
  dist\monaco-editor\min\vs\basic-langua    3.45 KiB         1.47 KiB
  ges\r\r.js
  dist\js\chunk-17359b1f.c9cc56a8.js        3.45 KiB         1.27 KiB
  dist\js\chunk-2d221814.bc30a708.js        3.39 KiB         1.49 KiB
  dist\monaco-editor\min\vs\basic-langua    3.33 KiB         1.58 KiB
  ges\pascal\pascal.js
  dist\static\ueditor\third-party\highch    3.32 KiB         1.52 KiB
  arts\modules\annotations.js
  dist\static\ueditor\utf8-jsp\third-par    3.32 KiB         1.52 KiB
  ty\highcharts\modules\annotations.js
  dist\monaco-editor\min\vs\basic-langua    3.32 KiB         1.51 KiB
  ges\fsharp\fsharp.js
  dist\js\chunk-2d0c1d91.441543ac.js        3.27 KiB         1.36 KiB
  dist\monaco-editor\min\vs\basic-langua    3.26 KiB         1.55 KiB
  ges\qsharp\qsharp.js
  dist\monaco-editor\min\vs\basic-langua    3.26 KiB         1.35 KiB
  ges\shell\shell.js
  dist\js\chunk-34390ece.6f798fbd.js        3.26 KiB         1.57 KiB
  dist\static\ueditor\third-party\highch    3.23 KiB         1.33 KiB
  arts\adapters\prototype-adapter.js
  dist\static\ueditor\utf8-jsp\third-par    3.23 KiB         1.33 KiB
  ty\highcharts\adapters\prototype-adapt
  er.js
  dist\js\chunk-2d0da3ec.e1810309.js        3.23 KiB         1.29 KiB
  dist\js\chunk-2d208ac5.bb40d7b1.js        3.22 KiB         1.39 KiB
  dist\static\ietmeditor\CodeMirror\addo    3.21 KiB         1.03 KiB
  n\selection\selection-pointer.js
  dist\js\chunk-2d225006.4f76d5c8.js        3.20 KiB         1.40 KiB
  dist\js\chunk-2d22c2b8.e66c100c.js        3.18 KiB         1.37 KiB
  dist\js\chunk-2d0c1d57.d7e6d8ea.js        3.18 KiB         1.29 KiB
  dist\js\chunk-2d0a43df.da0e815b.js        3.17 KiB         1.42 KiB
  dist\js\chunk-2d229a09.5267316b.js        3.17 KiB         1.34 KiB
  dist\js\chunk-2d0e8c5b.d1a74e2d.js        3.15 KiB         1.20 KiB
  dist\monaco-editor\min\vs\basic-langua    3.15 KiB         1.52 KiB
  ges\m3\m3.js
  dist\monaco-editor\min\vs\basic-langua    3.10 KiB         1.40 KiB
  ges\sophia\sophia.js
  dist\js\chunk-2d20770e.c5d426a6.js        3.09 KiB         1.29 KiB
  dist\js\chunk-2d0c0a09.0f59a79a.js        3.09 KiB         1.30 KiB
  dist\js\chunk-29a2ac37.c72d85fb.js        3.08 KiB         1.42 KiB
  dist\js\oauth2-app.login.79a30401.js      3.05 KiB         1.43 KiB
  dist\js\chunk-2d21b2d8.9faa16bb.js        3.04 KiB         1.16 KiB
  dist\js\chunk-2d0c230b.1a0b5b50.js        3.00 KiB         1.42 KiB
  dist\monaco-editor\min\vs\basic-langua    2.99 KiB         1.34 KiB
  ges\go\go.js
  dist\js\chunk-2d0bce7e.87789e80.js        2.97 KiB         1.29 KiB
  dist\js\chunk-2d0e6c86.c2a21c36.js        2.95 KiB         1.42 KiB
  dist\js\chunk-2d221a34.8b735d87.js        2.94 KiB         1.33 KiB
  dist\monaco-editor\min\vs\basic-langua    2.92 KiB         1.27 KiB
  ges\mips\mips.js
  dist\monaco-editor\min\vs\basic-langua    2.90 KiB         1.35 KiB
  ges\sparql\sparql.js
  dist\js\chunk-2d0e6553.81e672a2.js        2.89 KiB         1.17 KiB
  dist\js\chunk-a87093c6.240a00bc.js        2.89 KiB         1.33 KiB
  dist\js\chunk-2d21ab79.50a05c09.js        2.88 KiB         1.37 KiB
  dist\js\chunk-2d0c8be5.17581146.js        2.88 KiB         1.30 KiB
  dist\js\chunk-2d0e97ef.6d550c8a.js        2.87 KiB         1.22 KiB
  dist\js\chunk-2d0a3cbb.8886f261.js        2.85 KiB         1.28 KiB
  dist\monaco-editor\min\vs\basic-langua    2.84 KiB         1.13 KiB
  ges\bicep\bicep.js
  dist\js\chunk-2d0dec69.122b8485.js        2.83 KiB         1.11 KiB
  dist\static\ueditor\third-party\highch    2.79 KiB         1.12 KiB
  arts\modules\no-data-to-display.src.js
  dist\static\ueditor\utf8-jsp\third-par    2.79 KiB         1.12 KiB
  ty\highcharts\modules\no-data-to-displ
  ay.src.js
  dist\js\chunk-2d22948d.c7a5b574.js        2.79 KiB         1.44 KiB
  dist\js\chunk-2d0a3776.1f92d2c4.js        2.78 KiB         1.07 KiB
  dist\monaco-editor\min\vs\basic-langua    2.78 KiB         1.12 KiB
  ges\lexon\lexon.js
  dist\js\chunk-2d0c4a95.ad9eff5a.js        2.78 KiB         1.34 KiB
  dist\js\chunk-d48122ca.886d9913.js        2.77 KiB         1.28 KiB
  dist\monaco-editor\min\vs\basic-langua    2.76 KiB         1.25 KiB
  ges\objective-c\objective-c.js
  dist\js\chunk-2d0d61fd.713e190c.js        2.73 KiB         1.22 KiB
  dist\js\chunk-2d0c93b7.58345d74.js        2.72 KiB         1.08 KiB
  dist\js\chunk-2d22cc26.105ff812.js        2.71 KiB         1.06 KiB
  dist\js\chunk-7d295430.54f65840.js        2.70 KiB         1.24 KiB
  dist\js\chunk-628a3277.34e7d11a.js        2.63 KiB         1.22 KiB
  dist\js\chunk-2d0e542a.c040b2a2.js        2.62 KiB         1.17 KiB
  dist\js\chunk-2d0df024.a43ebc06.js        2.62 KiB         1.36 KiB
  dist\static\ueditor\dialogs\internal.j    2.62 KiB         0.99 KiB
  s
  dist\static\ueditor\utf8-jsp\dialogs\i    2.62 KiB         0.99 KiB
  nternal.js
  dist\monaco-editor\min\vs\basic-langua    2.61 KiB         1.22 KiB
  ges\graphql\graphql.js
  dist\js\chunk-493b284c.30d7e5aa.js        2.61 KiB         1.21 KiB
  dist\js\chunk-c410453a.014cfad0.js        2.61 KiB         1.21 KiB
  dist\js\chunk-9a42303e.7ebdd5a3.js        2.60 KiB         1.35 KiB
  dist\js\chunk-2d0af08c.f4bcdd09.js        2.55 KiB         1.10 KiB
  dist\monaco-editor\min\vs\basic-langua    2.54 KiB         1.16 KiB
  ges\cameligo\cameligo.js
  dist\js\chunk-2d0a4bbf.5c166df0.js        2.52 KiB         0.99 KiB
  dist\js\chunk-2d0b21d7.b25e0e5a.js        2.52 KiB         1.18 KiB
  dist\monaco-editor\min\vs\basic-langua    2.47 KiB         1.13 KiB
  ges\lua\lua.js
  dist\js\chunk-c56490e4.aadc07d2.js        2.46 KiB         1.05 KiB
  dist\static\ietmeditor\CodeMirror\addo    2.45 KiB         0.87 KiB
  n\selection\active-line.js
  dist\monaco-editor\min\vs\basic-langua    2.44 KiB         0.97 KiB
  ges\xml\xml.js
  dist\js\chunk-2d0b9b65.d754fad6.js        2.43 KiB         0.98 KiB
  dist\js\chunk-323d65cd.f1f92d91.js        2.43 KiB         1.26 KiB
  dist\js\chunk-2d0c45fa.7810f28a.js        2.42 KiB         1.16 KiB
  dist\js\chunk-2d0dda4e.d2463530.js        2.41 KiB         0.95 KiB
  dist\js\chunk-2d21dfe7.d1f727dc.js        2.38 KiB         1.17 KiB
  dist\js\chunk-2d0e1fbe.bc4848c0.js        2.38 KiB         1.08 KiB
  dist\test-doctype-position.js             2.37 KiB         1.11 KiB
  dist\monaco-editor\min\vs\basic-langua    2.36 KiB         1.11 KiB
  ges\pascaligo\pascaligo.js
  dist\js\chunk-2d0cca01.1c3aabb8.js        2.36 KiB         1.06 KiB
  dist\js\chunk-2d0cfe94.57eea377.js        2.34 KiB         1.16 KiB
  dist\js\chunk-5587aff8.37a18602.js        2.32 KiB         1.03 KiB
  dist\js\chunk-2d0b1e33.4778e7c3.js        2.32 KiB         1.15 KiB
  dist\static\ietmeditor\CodeMirror\addo    2.30 KiB         0.85 KiB
  n\edit\matchtags.js
  dist\js\chunk-2d0a3c6b.d334e47c.js        2.25 KiB         1.12 KiB
  dist\monaco-editor\min\vs\basic-langua    2.24 KiB         0.88 KiB
  ges\dockerfile\dockerfile.js
  dist\js\chunk-2d0aa90c.2f898dee.js        2.24 KiB         1.05 KiB
  dist\js\chunk-ac448f1a.c4cd8250.js        2.23 KiB         0.91 KiB
  dist\static\ueditor\third-party\highch    2.21 KiB         1.06 KiB
  arts\adapters\mootools-adapter.js
  dist\static\ueditor\utf8-jsp\third-par    2.21 KiB         1.06 KiB
  ty\highcharts\adapters\mootools-adapte
  r.js
  dist\js\chunk-2d0e629b.304b1f3a.js        2.20 KiB         0.99 KiB
  dist\monaco-editor\min\vs\basic-langua    2.20 KiB         1.06 KiB
  ges\bat\bat.js
  dist\js\chunk-2d231584.a4d3fe06.js        2.20 KiB         1.18 KiB
  dist\monaco-editor\min\vs\basic-langua    2.18 KiB         1.03 KiB
  ges\sb\sb.js
  dist\js\chunk-cc203c6c.4f76f9d2.js        2.17 KiB         1.17 KiB
  dist\monaco-editor\min\vs\basic-langua    2.17 KiB         1.05 KiB
  ges\flow9\flow9.js
  dist\js\chunk-2d229411.dff6af9f.js        2.16 KiB         0.98 KiB
  dist\static\ietmeditor\res\designer_se    2.16 KiB         0.61 KiB
  tt.js
  dist\js\chunk-2d0ddfd0.37104882.js        2.13 KiB         1.15 KiB
  dist\monaco-editor\min\vs\basic-langua    2.13 KiB         1.02 KiB
  ges\scheme\scheme.js
  dist\js\chunk-2d238425.3b07ebfe.js        2.12 KiB         1.02 KiB
  dist\static\ietmeditor\CodeMirror\addo    2.11 KiB         0.89 KiB
  n\hint\css-hint.js
  dist\static\ietmeditor\CodeMirror\addo    2.11 KiB         0.87 KiB
  n\fold\comment-fold.js
  dist\js\chunk-2d217e5b.28252d6b.js        2.10 KiB         0.95 KiB
  dist\js\chunk-8ed57444.c9c2bb91.js        2.10 KiB         1.11 KiB
  dist\js\chunk-53ce05ac.7daeeb51.js        2.08 KiB         0.91 KiB
  dist\monaco-editor\min\vs\basic-langua    2.04 KiB         0.85 KiB
  ges\pla\pla.js
  dist\js\chunk-2d0d0645.66bfaccf.js        2.04 KiB         0.79 KiB
  dist\js\chunk-a7306078.e1d30d7e.js        2.02 KiB         1.25 KiB
  dist\js\chunk-58f6ab40.7ac3bd76.js        1.98 KiB         0.92 KiB
  dist\js\chunk-2d221799.9b4fc2e6.js        1.98 KiB         0.93 KiB
  dist\static\ueditor\third-party\highch    1.93 KiB         1.09 KiB
  arts\modules\funnel.js
  dist\static\ueditor\utf8-jsp\third-par    1.93 KiB         1.09 KiB
  ty\highcharts\modules\funnel.js
  dist\static\ietmeditor\CodeMirror\addo    1.89 KiB         0.87 KiB
  n\search\jump-to-line.js
  dist\js\chunk-85e7fd2a.0aeee097.js        1.89 KiB         0.88 KiB
  dist\js\chunk-2d0afa49.2dbf1e57.js        1.85 KiB         0.71 KiB
  dist\js\chunk-51c8fde0.328e8638.js        1.85 KiB         0.88 KiB
  dist\js\chunk-2d2311f7.5e32cdab.js        1.83 KiB         0.89 KiB
  dist\js\chunk-2d2214b3.fe376bd3.js        1.81 KiB         0.85 KiB
  dist\js\chunk-2d209ae6.c9b21ed4.js        1.80 KiB         0.84 KiB
  dist\js\chunk-2d20eff5.754cf090.js        1.79 KiB         0.88 KiB
  dist\monaco-editor\min\vs\basic-langua    1.78 KiB         0.73 KiB
  ges\csp\csp.js
  dist\js\chunk-2d0e1b57.9f3b10ee.js        1.75 KiB         0.85 KiB
  dist\static\ueditor\third-party\highch    1.75 KiB         0.65 KiB
  arts\themes\grid.js
  dist\static\ueditor\utf8-jsp\third-par    1.75 KiB         0.65 KiB
  ty\highcharts\themes\grid.js
  dist\js\chunk-73bd2c3b.839cd063.js        1.74 KiB         0.88 KiB
  dist\static\ueditor\third-party\highch    1.72 KiB         0.65 KiB
  arts\themes\skies.js
  dist\static\ueditor\utf8-jsp\third-par    1.72 KiB         0.65 KiB
  ty\highcharts\themes\skies.js
  dist\static\ietmeditor\CodeMirror\mode    1.72 KiB         0.55 KiB
  \xml\test.js
  dist\js\chunk-2d0ba8d9.65576deb.js        1.70 KiB         0.88 KiB
  dist\js\chunk-2d0b2b36.1ad59409.js        1.67 KiB         0.68 KiB
  dist\js\chunk-64e5e36e.82ee6b75.js        1.65 KiB         0.81 KiB
  dist\static\ietmeditor\CodeMirror\addo    1.64 KiB         0.80 KiB
  n\hint\anyword-hint.js
  dist\js\chunk-06c88290.94d6110d.js        1.64 KiB         0.85 KiB
  dist\js\chunk-03b19fbe.7b6b37c6.js        1.64 KiB         0.85 KiB
  dist\static\ietmeditor\CodeMirror\addo    1.63 KiB         0.79 KiB
  n\fold\indent-fold.js
  dist\js\fail.b5e71f10.js                  1.63 KiB         0.85 KiB
  dist\static\ueditor\dialogs\template\t    1.61 KiB         0.68 KiB
  emplate.js
  dist\static\ueditor\utf8-jsp\dialogs\t    1.61 KiB         0.68 KiB
  emplate\template.js
  dist\static\ietmeditor\CodeMirror\addo    1.57 KiB         0.69 KiB
  n\fold\markdown-fold.js
  dist\js\chunk-2d0dd4fc.43b2a3c7.js        1.55 KiB         0.73 KiB
  dist\static\ietmeditor\CodeMirror\addo    1.54 KiB         0.62 KiB
  n\scroll\scrollpastend.js
  dist\static\ueditor\dialogs\help\help.    1.52 KiB         0.72 KiB
  js
  dist\static\ueditor\utf8-jsp\dialogs\h    1.52 KiB         0.72 KiB
  elp\help.js
  dist\monaco-editor\min\vs\basic-langua    1.47 KiB         0.75 KiB
  ges\ini\ini.js
  dist\js\chunk-55c3fec2.6f403ccc.js        1.45 KiB         0.74 KiB
  dist\js\chunk-2d209408.dc29752e.js        1.41 KiB         0.56 KiB
  dist\static\ueditor\dialogs\charts\cha    1.38 KiB         0.43 KiB
  rt.config.js
  dist\static\ueditor\utf8-jsp\dialogs\c    1.38 KiB         0.43 KiB
  harts\chart.config.js
  dist\js\chunk-2d0e1f65.b4d1845d.js        1.38 KiB         0.75 KiB
  dist\static\ueditor\third-party\highch    1.33 KiB         0.71 KiB
  arts\modules\no-data-to-display.js
  dist\static\ueditor\utf8-jsp\third-par    1.33 KiB         0.71 KiB
  ty\highcharts\modules\no-data-to-displ
  ay.js
  dist\js\chunk-783c5b99.b4dfe8c2.js        1.33 KiB         0.77 KiB
  dist\js\chunk-2d0f05f3.601fbc5d.js        1.32 KiB         0.68 KiB
  dist\js\chunk-2d0c8bc6.080d442b.js        1.23 KiB         0.70 KiB
  dist\monaco-editor\min\vs\basic-langua    1.23 KiB         0.53 KiB
  ges\azcli\azcli.js
  dist\js\chunk-2d22897c.a78ec094.js        1.19 KiB         0.71 KiB
  dist\js\chunk-2d0b5a44.4d856641.js        1.13 KiB         0.59 KiB
  dist\js\chunk-2d0c4313.3f88af5a.js        1.10 KiB         0.57 KiB
  dist\static\ueditor\third-party\highch    1.10 KiB         0.49 KiB
  arts\modules\heatmap.src.js
  dist\static\ueditor\utf8-jsp\third-par    1.10 KiB         0.49 KiB
  ty\highcharts\modules\heatmap.src.js
  dist\js\chunk-422df5d3.bd565177.js        1.01 KiB         0.55 KiB
  dist\static\ietmeditor\CodeMirror\addo    0.98 KiB         0.50 KiB
  n\edit\trailingspace.js
  dist\js\chunk-8911c64c.1d00739b.js        0.96 KiB         0.48 KiB
  dist\js\chunk-2d0c9207.1c1b4136.js        0.92 KiB         0.58 KiB
  dist\js\chunk-2d0ba136.17c3a5d0.js        0.86 KiB         0.37 KiB
  dist\js\chunk-44fded66.8178bc2b.js        0.81 KiB         0.47 KiB
  dist\js\chunk-2d0be1b3.50bc9e9d.js        0.59 KiB         0.47 KiB
  dist\static\ueditor\third-party\highch    0.52 KiB         0.37 KiB
  arts\modules\heatmap.js
  dist\static\ueditor\utf8-jsp\third-par    0.52 KiB         0.37 KiB
  ty\highcharts\modules\heatmap.js
  dist\js\chunk-2d20e7f3.8030f538.js        0.40 KiB         0.28 KiB
  dist\js\chunk-2d210c28.f2289f46.js        0.40 KiB         0.30 KiB
  dist\js\chunk-2d0aecfc.40f5f2bb.js        0.39 KiB         0.29 KiB
  dist\js\chunk-2d0e4e51.1d6b3e81.js        0.39 KiB         0.29 KiB
  dist\js\chunk-2d0ae949.d42fe7ce.js        0.33 KiB         0.26 KiB
  dist\js\chunk-2d210bbe.7b53a902.js        0.33 KiB         0.26 KiB
  dist\static\config.js                     0.23 KiB         0.21 KiB
  dist\js\chunk-2d0b2916.680d2143.js        0.21 KiB         0.18 KiB
  dist\js\chunk-2d0c49e8.3ad70643.js        0.14 KiB         0.13 KiB
  dist\js\chunk-bba68bf6.03e4165b.js        0.08 KiB         0.08 KiB
  dist\css\chunk-vendors.e1126a2d.css       762.29 KiB       124.14 KiB
  dist\css\chunk-048ba169.54f481ae.css      437.44 KiB       63.36 KiB
  dist\css\chunk-d01ec710.0fa3d0c1.css      82.50 KiB        13.27 KiB
  dist\css\chunk-7854b3bd.93a19c93.css      80.42 KiB        8.35 KiB
  dist\monaco-editor\min\vs\editor\edito    70.36 KiB        12.81 KiB
  r.main.css
  dist\css\app.d6dd6db7.css                 68.30 KiB        12.56 KiB
  dist\css\chunk-779745f4.b4b432a0.css      50.47 KiB        12.57 KiB
  dist\tinymce\skins\lightgray\skin.min.    46.44 KiB        7.68 KiB
  css
  dist\static\ueditor\themes\default\css    44.38 KiB        6.98 KiB
  \ueditor.css
  dist\static\ueditor\utf8-jsp\themes\de    44.38 KiB        6.98 KiB
  fault\css\ueditor.css
  dist\css\chunk-44fded66.f7c243c9.css      43.50 KiB        4.34 KiB
  dist\static\ueditor\themes\default\css    34.12 KiB        5.51 KiB
  \ueditor.min.css
  dist\static\ueditor\utf8-jsp\themes\de    34.12 KiB        5.51 KiB
  fault\css\ueditor.min.css
  dist\css\chunk-6c5461f0.7cf9aea0.css      28.38 KiB        3.97 KiB
  dist\static\ietmeditor\CodeMirror\them    25.87 KiB        18.30 KiB
  e\ambiance.css
  dist\css\chunk-67592994.4f58db0b.css      21.91 KiB        3.85 KiB
  dist\static\ueditor\third-party\video-    20.82 KiB        5.43 KiB
  js\video-js.css
  dist\static\ueditor\utf8-jsp\third-par    20.82 KiB        5.43 KiB
  ty\video-js\video-js.css
  dist\css\chunk-933c7a5e.2ea77f48.css      18.93 KiB        2.29 KiB
  dist\static\ueditor\dialogs\image\imag    18.58 KiB        3.48 KiB
  e.css
  dist\static\ueditor\utf8-jsp\dialogs\i    18.58 KiB        3.48 KiB
  mage\image.css
  dist\tinymce\skins\lightgray\content.m    17.63 KiB        4.77 KiB
  in.css
  dist\static\ueditor\dialogs\video\vide    15.19 KiB        3.11 KiB
  o.css
  dist\static\ueditor\utf8-jsp\dialogs\v    15.19 KiB        3.11 KiB
  ideo\video.css
  dist\css\user.6b37ad0e.css                15.01 KiB        3.14 KiB
  dist\static\ueditor\dialogs\attachment    14.71 KiB        2.82 KiB
  \attachment.css
  dist\static\ueditor\utf8-jsp\dialogs\a    14.71 KiB        2.82 KiB
  ttachment\attachment.css
  dist\css\chunk-34f2d37e.72d4b8f8.css      13.24 KiB        2.70 KiB
  dist\css\chunk-86fb77ee.45771ca8.css      12.08 KiB        1.98 KiB
  dist\static\ueditor\third-party\video-    11.18 KiB        2.52 KiB
  js\video-js.min.css
  dist\static\ueditor\utf8-jsp\third-par    11.18 KiB        2.52 KiB
  ty\video-js\video-js.min.css
  dist\css\chunk-6cb648af.2852fb9c.css      10.20 KiB        1.77 KiB
  dist\static\ietmeditor\CodeMirror\lib\    8.44 KiB         2.54 KiB
  codemirror.css
  dist\css\chunk-29dac7cf.62cd94ce.css      8.41 KiB         1.67 KiB
  dist\css\chunk-2a47a6ab.595ce133.css      7.79 KiB         1.53 KiB
  dist\css\chunk-183de7d8.b569270d.css      6.97 KiB         1.35 KiB
  dist\static\ueditor\third-party\Syntax    6.95 KiB         1.30 KiB
  Highlighter\shCoreDefault.css
  dist\static\ueditor\utf8-jsp\third-par    6.95 KiB         1.30 KiB
  ty\SyntaxHighlighter\shCoreDefault.css
  dist\css\chunk-6b1e3124.92a8a422.css      6.45 KiB         1.25 KiB
  dist\css\chunk-5a11c8e9.a91e67ad.css      5.71 KiB         1.07 KiB
  dist\css\chunk-422b54b7.083f813a.css      5.53 KiB         1.28 KiB
  dist\css\chunk-2a586ed8.1cc6d6f9.css      5.33 KiB         1.22 KiB
  dist\css\chunk-4f966963.9069b5bb.css      5.33 KiB         1.21 KiB
  dist\static\ietmeditor\CodeMirror\them    5.30 KiB         1.29 KiB
  e\solarized.css
  dist\static\ietmeditor\CodeMirror\them    5.07 KiB         2.94 KiB
  e\mdn-like.css
  dist\css\chunk-ab707452.0be55f79.css      5.01 KiB         1.05 KiB
  dist\css\chunk-38c49bcf.7d87c84b.css      4.94 KiB         1.23 KiB
  dist\css\chunk-b4635346.307984b9.css      4.86 KiB         1.03 KiB
  dist\css\chunk-2e45da0d.e4f69d20.css      4.80 KiB         0.98 KiB
  dist\css\chunk-5148920d.eed03b4e.css      4.48 KiB         1.04 KiB
  dist\css\chunk-27ff6db0.9bc4ed02.css      4.09 KiB         0.95 KiB
  dist\css\chunk-68951efa.f8f1ba94.css      4.07 KiB         1.04 KiB
  dist\css\chunk-db8181b2.0e53f5be.css      4.07 KiB         1.04 KiB
  dist\css\chunk-4f8bd8c6.78513f56.css      4.04 KiB         1.09 KiB
  dist\static\ietmeditor\CodeMirror\them    3.90 KiB         0.84 KiB
  e\liquibyte.css
  dist\static\ueditor\dialogs\scrawl\scr    3.80 KiB         0.98 KiB
  awl.css
  dist\static\ueditor\utf8-jsp\dialogs\s    3.80 KiB         0.98 KiB
  crawl\scrawl.css
  dist\css\chunk-5fa4fda3.baca4187.css      3.73 KiB         0.99 KiB
  dist\css\chunk-2a54f27a.bcf5b649.css      3.63 KiB         0.83 KiB
  dist\css\chunk-e133d1a6.1bc73402.css      3.49 KiB         0.85 KiB
  dist\css\chunk-ddb8321c.0cfd2225.css      3.37 KiB         0.75 KiB
  dist\static\ietmeditor\CodeMirror\addo    3.34 KiB         0.92 KiB
  n\merge\merge.css
  dist\css\chunk-ccebddf0.ce3b0a65.css      3.32 KiB         0.80 KiB
  dist\css\chunk-d58b1742.c78dfd21.css      3.23 KiB         0.77 KiB
  dist\css\chunk-9617fa84.bbe9a2ed.css      3.04 KiB         0.75 KiB
  dist\css\chunk-748eaa22.cd418409.css      3.00 KiB         0.74 KiB
  dist\css\chunk-2151f7a8.4afe2bbf.css      2.98 KiB         0.86 KiB
  dist\static\ietmeditor\CodeMirror\them    2.96 KiB         1.16 KiB
  e\xq-dark.css
  dist\css\chunk-80089ee2.c0fc59a2.css      2.91 KiB         0.97 KiB
  dist\static\ueditor\third-party\codemi    2.82 KiB         0.89 KiB
  rror\codemirror.css
  dist\static\ueditor\utf8-jsp\third-par    2.82 KiB         0.89 KiB
  ty\codemirror\codemirror.css
  dist\static\ietmeditor\CodeMirror\them    2.66 KiB         0.79 KiB
  e\duotone-light.css
  dist\css\chunk-03052987.77dbe987.css      2.59 KiB         0.71 KiB
  dist\static\ietmeditor\CodeMirror\them    2.57 KiB         0.69 KiB
  e\lesser-dark.css
  dist\css\chunk-c9ae1e50.216ed51d.css      2.56 KiB         0.49 KiB
  dist\static\ietmeditor\CodeMirror\them    2.55 KiB         0.79 KiB
  e\duotone-dark.css
  dist\css\chunk-ac666b32.5f7cd3ef.css      2.54 KiB         0.75 KiB
  dist\static\ueditor\dialogs\charts\cha    2.54 KiB         0.81 KiB
  rts.css
  dist\static\ueditor\utf8-jsp\dialogs\c    2.54 KiB         0.81 KiB
  harts\charts.css
  dist\css\chunk-965aecb2.e1cd1018.css      2.49 KiB         0.64 KiB
  dist\static\ietmeditor\CodeMirror\them    2.46 KiB         0.67 KiB
  e\icecoder.css
  dist\static\ietmeditor\CodeMirror\them    2.43 KiB         0.67 KiB
  e\material.css
  dist\static\ueditor\dialogs\background    2.43 KiB         0.89 KiB
  \background.css
  dist\static\ueditor\utf8-jsp\dialogs\b    2.43 KiB         0.89 KiB
  ackground\background.css
  dist\static\ietmeditor\CodeMirror\them    2.43 KiB         0.70 KiB
  e\pastel-on-dark.css
  dist\static\ietmeditor\CodeMirror\them    2.38 KiB         0.59 KiB
  e\shadowfox.css
  dist\static\ietmeditor\CodeMirror\them    2.38 KiB         0.63 KiB
  e\ttcn.css
  dist\static\ietmeditor\CodeMirror\them    2.38 KiB         0.59 KiB
  e\tomorrow-night-eighties.css
  dist\css\chunk-9854af5c.71fb21a1.css      2.36 KiB         0.81 KiB
  dist\css\chunk-2ca214ca.988c512c.css      2.35 KiB         0.65 KiB
  dist\css\chunk-3eac0f59.f8a5147c.css      2.27 KiB         0.65 KiB
  dist\css\chunk-6e3d8a86.0b795f0d.css      2.25 KiB         0.72 KiB
  dist\css\chunk-0b713890.7a302c0a.css      2.24 KiB         0.67 KiB
  dist\static\ietmeditor\CodeMirror\them    2.23 KiB         0.53 KiB
  e\erlang-dark.css
  dist\static\ietmeditor\CodeMirror\them    2.21 KiB         0.57 KiB
  e\oceanic-next.css
  dist\static\ietmeditor\CodeMirror\them    2.20 KiB         1.03 KiB
  e\xq-light.css
  dist\css\chunk-60c80fb2.e8c1ccb9.css      2.16 KiB         0.61 KiB
  dist\static\ietmeditor\CodeMirror\them    2.11 KiB         0.59 KiB
  e\twilight.css
  dist\static\ietmeditor\CodeMirror\them    2.09 KiB         0.58 KiB
  e\vibrant-ink.css
  dist\static\ietmeditor\CodeMirror\them    2.06 KiB         0.57 KiB
  e\base16-light.css
  dist\static\ietmeditor\CodeMirror\them    2.06 KiB         0.58 KiB
  e\base16-dark.css
  dist\static\ietmeditor\CodeMirror\them    2.06 KiB         0.59 KiB
  e\mbo.css
  dist\static\ietmeditor\CodeMirror\them    2.03 KiB         0.59 KiB
  e\paraiso-dark.css
  dist\static\ietmeditor\CodeMirror\them    2.03 KiB         0.58 KiB
  e\paraiso-light.css
  dist\static\ietmeditor\CodeMirror\them    2.03 KiB         0.58 KiB
  e\3024-night.css
  dist\css\chunk-598e40e9.0e101af9.css      2.02 KiB         0.64 KiB
  dist\static\ietmeditor\CodeMirror\them    2.00 KiB         0.59 KiB
  e\midnight.css
  dist\css\chunk-4e309160.35d79463.css      2.00 KiB         0.64 KiB
  dist\static\ietmeditor\CodeMirror\them    1.99 KiB         0.56 KiB
  e\dracula.css
  dist\css\chunk-684a23bb.1e4d7281.css      1.97 KiB         0.79 KiB
  dist\static\ietmeditor\CodeMirror\them    1.96 KiB         0.58 KiB
  e\seti.css
  dist\static\ietmeditor\CodeMirror\them    1.94 KiB         0.58 KiB
  e\zenburn.css
  dist\static\ietmeditor\CodeMirror\them    1.94 KiB         0.56 KiB
  e\3024-day.css
  dist\css\chunk-648d9700.dbd77697.css      1.93 KiB         0.60 KiB
  dist\static\ietmeditor\CodeMirror\them    1.92 KiB         0.52 KiB
  e\abcdef.css
  dist\static\ietmeditor\CodeMirror\them    1.90 KiB         0.52 KiB
  e\monokai.css
  dist\static\ietmeditor\CodeMirror\them    1.89 KiB         0.47 KiB
  e\the-matrix.css
  dist\static\ietmeditor\CodeMirror\them    1.89 KiB         0.49 KiB
  e\blackboard.css
  dist\css\chunk-10527cb2.3c747cd6.css      1.87 KiB         0.65 KiB
  dist\static\ietmeditor\CodeMirror\them    1.87 KiB         0.53 KiB
  e\lucario.css
  dist\static\ietmeditor\CodeMirror\them    1.84 KiB         0.54 KiB
  e\yeti.css
  dist\static\ueditor\dialogs\emotion\em    1.80 KiB         0.54 KiB
  otion.css
  dist\static\ueditor\utf8-jsp\dialogs\e    1.80 KiB         0.54 KiB
  motion\emotion.css
  dist\static\ietmeditor\CodeMirror\them    1.76 KiB         0.61 KiB
  e\panda-syntax.css
  dist\static\ietmeditor\CodeMirror\them    1.76 KiB         0.48 KiB
  e\rubyblue.css
  dist\static\ueditor\themes\default\dia    1.74 KiB         0.84 KiB
  logbase.css
  dist\static\ueditor\utf8-jsp\themes\de    1.74 KiB         0.84 KiB
  fault\dialogbase.css
  dist\css\chunk-6d7c5548.74af10cf.css      1.74 KiB         0.49 KiB
  dist\css\chunk-8b2ad06e.a27d5ace.css      1.74 KiB         0.62 KiB
  dist\static\ietmeditor\CodeMirror\them    1.73 KiB         0.48 KiB
  e\tomorrow-night-bright.css
  dist\static\ietmeditor\CodeMirror\them    1.71 KiB         0.50 KiB
  e\night.css
  dist\css\chunk-3bef084f.e4351c31.css      1.69 KiB         0.68 KiB
  dist\css\chunk-f12f37a6.2e45253c.css      1.69 KiB         0.68 KiB
  dist\static\ietmeditor\CodeMirror\them    1.69 KiB         0.47 KiB
  e\cobalt.css
  dist\static\ueditor\dialogs\music\musi    1.67 KiB         0.64 KiB
  c.css
  dist\static\ueditor\utf8-jsp\dialogs\m    1.67 KiB         0.64 KiB
  usic\music.css
  dist\static\ietmeditor\CodeMirror\them    1.64 KiB         0.47 KiB
  e\colorforth.css
  dist\css\chunk-fe7bffda.99995fa9.css      1.55 KiB         0.57 KiB
  dist\static\ietmeditor\CodeMirror\them    1.53 KiB         0.49 KiB
  e\gruvbox-dark.css
  dist\css\chunk-2ed2a0d7.d047cd20.css      1.51 KiB         0.62 KiB
  dist\static\ietmeditor\CodeMirror\them    1.48 KiB         0.53 KiB
  e\railscasts.css
  dist\css\chunk-1e6a590f.ce7736b0.css      1.46 KiB         0.58 KiB
  dist\css\chunk-22814088.9150e053.css      1.45 KiB         0.58 KiB
  dist\css\chunk-621238b8.1f8f0893.css      1.43 KiB         0.52 KiB
  dist\static\ietmeditor\CodeMirror\them    1.43 KiB         0.52 KiB
  e\hopscotch.css
  dist\css\chunk-936ee4c0.86c724ef.css      1.42 KiB         0.49 KiB
  dist\css\chunk-71121512.5c386c8b.css      1.42 KiB         0.45 KiB
  dist\static\ietmeditor\CodeMirror\them    1.41 KiB         0.50 KiB
  e\isotope.css
  dist\static\ietmeditor\CodeMirror\them    1.38 KiB         0.51 KiB
  e\bespin.css
  dist\css\chunk-76c152d1.5b476c32.css      1.37 KiB         0.58 KiB
  dist\static\ietmeditor\CodeMirror\them    1.37 KiB         0.48 KiB
  e\idea.css
  dist\css\chunk-23c1ef08.af465718.css      1.36 KiB         0.59 KiB
  dist\static\ietmeditor\CodeMirror\addo    1.32 KiB         0.34 KiB
  n\scroll\simplescrollbars.css
  dist\css\chunk-44377af7.ad291630.css      1.30 KiB         0.48 KiB
  dist\css\chunk-7d295430.4ee93adf.css      1.28 KiB         0.49 KiB
  dist\css\chunk-14cee10c.2808c227.css      1.26 KiB         0.52 KiB
  dist\css\chunk-1817ac1c.3f803bd5.css      1.25 KiB         0.44 KiB
  dist\css\chunk-14157ab4.e1e27a5a.css      1.24 KiB         0.44 KiB
  dist\css\chunk-27b4c5d4.0cd10627.css      1.22 KiB         0.52 KiB
  dist\css\chunk-070db690.bbfb0a2f.css      1.17 KiB         0.49 KiB
  dist\css\chunk-329b0102.bbfb0a2f.css      1.17 KiB         0.49 KiB
  dist\css\chunk-4e198e7c.bbfb0a2f.css      1.17 KiB         0.49 KiB
  dist\css\chunk-76980e03.bbfb0a2f.css      1.17 KiB         0.49 KiB
  dist\static\ueditor\dialogs\table\edit    1.16 KiB         0.42 KiB
  table.css
  dist\static\ueditor\utf8-jsp\dialogs\t    1.16 KiB         0.42 KiB
  able\edittable.css
  dist\static\ietmeditor\CodeMirror\them    1.16 KiB         0.36 KiB
  e\eclipse.css
  dist\css\chunk-6a0ac984.9754ffd3.css      1.15 KiB         0.46 KiB
  dist\css\chunk-472c2409.4a356057.css      1.14 KiB         0.52 KiB
  dist\css\chunk-f708bbbc.a637e95a.css      1.10 KiB         0.49 KiB
  dist\css\chunk-791930ae.974a1c8b.css      1.04 KiB         0.37 KiB
  dist\css\chunk-f1c806b2.e5aedbfb.css      1.02 KiB         0.47 KiB
  dist\static\ueditor\dialogs\template\t    1.02 KiB         0.50 KiB
  emplate.css
  dist\static\ueditor\utf8-jsp\dialogs\t    1.02 KiB         0.50 KiB
  emplate\template.css
  dist\css\chunk-5bcedd04.36e659cb.css      1.01 KiB         0.45 KiB
  dist\css\chunk-a816eae0.9e14cf32.css      1.00 KiB         0.40 KiB
  dist\css\chunk-27e41508.0ebfbc55.css      0.95 KiB         0.43 KiB
  dist\css\chunk-3208f484.0ebfbc55.css      0.95 KiB         0.43 KiB
  dist\css\chunk-3cb088f8.0ebfbc55.css      0.95 KiB         0.43 KiB
  dist\css\chunk-3e50ff42.0ebfbc55.css      0.95 KiB         0.43 KiB
  dist\css\chunk-515b7eae.0ebfbc55.css      0.95 KiB         0.43 KiB
  dist\css\chunk-5df0aad8.0ebfbc55.css      0.95 KiB         0.43 KiB
  dist\css\chunk-9023ac98.0ebfbc55.css      0.95 KiB         0.43 KiB
  dist\css\chunk-986582ea.0ebfbc55.css      0.95 KiB         0.43 KiB
  dist\css\chunk-bba68bf6.7547a85d.css      0.95 KiB         0.43 KiB
  dist\css\chunk-bd53669c.0ebfbc55.css      0.95 KiB         0.43 KiB
  dist\css\chunk-ccbb88aa.0ebfbc55.css      0.95 KiB         0.43 KiB
  dist\css\chunk-04635cd8.11713119.css      0.94 KiB         0.35 KiB
  dist\css\chunk-c56490e4.cadf1446.css      0.93 KiB         0.39 KiB
  dist\static\ietmeditor\CodeMirror\them    0.92 KiB         0.40 KiB
  e\neo.css
  dist\css\chunk-16faa8f6.d09422c0.css      0.89 KiB         0.27 KiB
  dist\css\chunk-29a2ac37.055d975a.css      0.84 KiB         0.31 KiB
  dist\css\chunk-45efc3f8.033303d9.css      0.83 KiB         0.35 KiB
  dist\css\chunk-41508c02.fdd4b892.css      0.82 KiB         0.35 KiB
  dist\css\chunk-16aeba2b.e8614a12.css      0.81 KiB         0.37 KiB
  dist\static\ietmeditor\CodeMirror\addo    0.81 KiB         0.36 KiB
  n\hint\show-hint.css
  dist\css\chunk-03b19fbe.8534b635.css      0.80 KiB         0.33 KiB
  dist\css\chunk-06c88290.8534b635.css      0.80 KiB         0.33 KiB
  dist\css\chunk-783c5b99.8534b635.css      0.80 KiB         0.33 KiB
  dist\css\fail.8534b635.css                0.80 KiB         0.33 KiB
  dist\css\chunk-78da5930.e4c19819.css      0.80 KiB         0.38 KiB
  dist\css\chunk-13848c2c.70ea144e.css      0.78 KiB         0.31 KiB
  dist\static\ietmeditor\CodeMirror\them    0.76 KiB         0.28 KiB
  e\elegant.css
  dist\css\chunk-85e7fd2a.95363c7c.css      0.74 KiB         0.32 KiB
  dist\css\chunk-9740a9e4.26f1a347.css      0.74 KiB         0.30 KiB
  dist\css\chunk-a7306078.49f443b5.css      0.74 KiB         0.35 KiB
  dist\static\ietmeditor\CodeMirror\them    0.73 KiB         0.26 KiB
  e\ssms.css
  dist\css\chunk-e01e404a.a176ac87.css      0.73 KiB         0.31 KiB
  dist\css\chunk-4ba219c9.82332ff7.css      0.71 KiB         0.29 KiB
  dist\static\ietmeditor\res\jquery-easy    0.71 KiB         0.34 KiB
  ui-ribbon\ribbon.css
  dist\css\chunk-25b10da4.b5afa136.css      0.70 KiB         0.30 KiB
  dist\css\chunk-51c8fde0.b5afa136.css      0.70 KiB         0.30 KiB
  dist\css\chunk-5587aff8.b5afa136.css      0.70 KiB         0.30 KiB
  dist\css\chunk-8911c64c.b5afa136.css      0.70 KiB         0.30 KiB
  dist\css\chunk-68b81eec.16db6d7f.css      0.69 KiB         0.33 KiB
  dist\css\chunk-fc8c7afa.16db6d7f.css      0.69 KiB         0.33 KiB
  dist\css\chunk-62b5b838.4f7da035.css      0.67 KiB         0.26 KiB
  dist\static\ietmeditor\CodeMirror\them    0.67 KiB         0.27 KiB
  e\neat.css
  dist\css\chunk-7052ca12.514e3386.css      0.64 KiB         0.23 KiB
  dist\css\chunk-02ffcfae.47131bba.css      0.62 KiB         0.27 KiB
  dist\css\chunk-1a3b2eec.47131bba.css      0.62 KiB         0.27 KiB
  dist\css\chunk-3e86dc02.3f29542b.css      0.56 KiB         0.30 KiB
  dist\css\chunk-7ad667c8.a7409173.css      0.55 KiB         0.25 KiB
  dist\css\chunk-d62bb5d0.7687113e.css      0.55 KiB         0.25 KiB
  dist\css\chunk-2b45a1bc.bacfd703.css      0.51 KiB         0.24 KiB
  dist\css\chunk-411f668f.17096404.css      0.51 KiB         0.24 KiB
  dist\css\chunk-697bdbfe.14729d91.css      0.51 KiB         0.24 KiB
  dist\css\chunk-7a7156c0.487e4679.css      0.51 KiB         0.24 KiB
  dist\css\chunk-b124276a.42c88148.css      0.51 KiB         0.24 KiB
  dist\static\ueditor\third-party\webupl    0.50 KiB         0.29 KiB
  oader\webuploader.css
  dist\static\ueditor\utf8-jsp\third-par    0.50 KiB         0.29 KiB
  ty\webuploader\webuploader.css
  dist\static\ietmeditor\CodeMirror\addo    0.50 KiB         0.26 KiB
  n\dialog\dialog.css
  dist\css\chunk-6acfa123.79796f31.css      0.49 KiB         0.23 KiB
  dist\css\chunk-457598da.ea94a928.css      0.48 KiB         0.25 KiB
  dist\css\chunk-3a177310.f473f0df.css      0.44 KiB         0.22 KiB
  dist\css\chunk-cc203c6c.6c6ae3e4.css      0.44 KiB         0.24 KiB
  dist\static\ietmeditor\CodeMirror\addo    0.42 KiB         0.21 KiB
  n\fold\foldgutter.css
  dist\css\chunk-5a06ea50.6b39647e.css      0.42 KiB         0.21 KiB
  dist\css\chunk-3a5403df.d7a44062.css      0.42 KiB         0.28 KiB
  dist\css\chunk-c410453a.d7a44062.css      0.42 KiB         0.28 KiB
  dist\css\chunk-41c8258f.4decb100.css      0.41 KiB         0.18 KiB
  dist\css\chunk-53ce05ac.5c374a98.css      0.40 KiB         0.17 KiB
  dist\static\ueditor\dialogs\help\help.    0.39 KiB         0.20 KiB
  css
  dist\static\ueditor\utf8-jsp\dialogs\h    0.39 KiB         0.20 KiB
  elp\help.css
  dist\css\chunk-289539c8.95b8827b.css      0.38 KiB         0.22 KiB
  dist\css\chunk-c89f2f6c.00cb5be7.css      0.38 KiB         0.16 KiB
  dist\css\chunk-58f6ab40.598fd6a7.css      0.38 KiB         0.21 KiB
  dist\css\chunk-e7420cdc.2c9cd264.css      0.32 KiB         0.14 KiB
  dist\css\chunk-73bd2c3b.3225cf4e.css      0.31 KiB         0.19 KiB
  dist\css\chunk-ac448f1a.97cd941e.css      0.31 KiB         0.18 KiB
  dist\css\chunk-9a42303e.85b01542.css      0.30 KiB         0.16 KiB
  dist\css\chunk-2f500140.8d4572ff.css      0.29 KiB         0.16 KiB
  dist\css\chunk-15efa5d0.e20977ce.css      0.29 KiB         0.21 KiB
  dist\css\chunk-2e202db4.d29b6a8f.css      0.25 KiB         0.19 KiB
  dist\css\chunk-55c3fec2.a1fad1c8.css      0.25 KiB         0.19 KiB
  dist\css\chunk-73e7e75c.614ac538.css      0.25 KiB         0.19 KiB
  dist\css\chunk-f1cd2b70.e1a5a301.css      0.25 KiB         0.19 KiB
  dist\css\chunk-17359b1f.41ec56f6.css      0.23 KiB         0.14 KiB
  dist\css\chunk-322cff99.f6185f95.css      0.23 KiB         0.14 KiB
  dist\css\chunk-71426bc4.529773c5.css      0.22 KiB         0.16 KiB
  dist\css\chunk-4a211010.b6dd07f0.css      0.21 KiB         0.15 KiB
  dist\css\chunk-4a7b3597.62d8fa83.css      0.21 KiB         0.15 KiB
  dist\css\chunk-422df5d3.eb8f3d65.css      0.20 KiB         0.14 KiB
  dist\css\chunk-41ad19c2.3ae0292e.css      0.20 KiB         0.15 KiB
  dist\css\chunk-4096990e.7ca2cfca.css      0.19 KiB         0.17 KiB
  dist\css\chunk-47147aed.d87588f5.css      0.19 KiB         0.17 KiB
  dist\css\chunk-64ea1b29.c3985bee.css      0.19 KiB         0.17 KiB
  dist\css\chunk-e42d300a.dcae942d.css      0.19 KiB         0.17 KiB
  dist\css\chunk-f3674912.7ca2cfca.css      0.19 KiB         0.17 KiB
  dist\static\ietmeditor\CodeMirror\addo    0.18 KiB         0.13 KiB
  n\search\matchesonscrollbar.css
  dist\css\chunk-64e5e36e.82c323ce.css      0.17 KiB         0.12 KiB
  dist\css\chunk-24e03b68.9be8b270.css      0.16 KiB         0.13 KiB
  dist\css\chunk-877b5a06.4df42a33.css      0.15 KiB         0.12 KiB
  dist\css\chunk-d0d6577c.4308759d.css      0.15 KiB         0.13 KiB
  dist\css\chunk-fe163256.1133acd5.css      0.14 KiB         0.12 KiB
  dist\css\chunk-d48122ca.879df255.css      0.14 KiB         0.12 KiB
  dist\css\chunk-323d65cd.6c567791.css      0.14 KiB         0.13 KiB
  dist\css\chunk-012368b6.521fe601.css      0.14 KiB         0.11 KiB
  dist\css\chunk-a87093c6.b13048a7.css      0.13 KiB         0.11 KiB
  dist\css\chunk-28b4c9fa.f2985003.css      0.13 KiB         0.12 KiB
  dist\css\chunk-34390ece.6f167af4.css      0.12 KiB         0.10 KiB
  dist\css\chunk-493b284c.89d4e494.css      0.10 KiB         0.11 KiB
  dist\static\ietmeditor\CodeMirror\them    0.10 KiB         0.08 KiB
  e\ambiance-mobile.css
  dist\css\chunk-f7130340.f1b4b577.css      0.09 KiB         0.10 KiB
  dist\css\chunk-5ba41c0a.1f22179b.css      0.09 KiB         0.08 KiB
  dist\css\chunk-3f43096e.34d0b5a2.css      0.07 KiB         0.09 KiB
  dist\css\chunk-404dab48.ef54c86b.css      0.07 KiB         0.09 KiB
  dist\css\chunk-850eb6ca.34d0b5a2.css      0.07 KiB         0.09 KiB
  dist\css\chunk-a9d5f7ca.ef54c86b.css      0.07 KiB         0.09 KiB
  dist\css\chunk-1da69a8c.ee685d29.css      0.07 KiB         0.08 KiB
  dist\css\chunk-98a97c06.47347a1f.css      0.07 KiB         0.08 KiB
  dist\css\chunk-50bba626.9f3a1f88.css      0.07 KiB         0.09 KiB
  dist\css\chunk-628a3277.9f3a1f88.css      0.07 KiB         0.09 KiB
  dist\css\chunk-851e9064.9f3a1f88.css      0.07 KiB         0.09 KiB
  dist\css\chunk-0028cdd6.4bac69c1.css      0.07 KiB         0.09 KiB
  dist\css\chunk-68f1317b.937cf46c.css      0.06 KiB         0.08 KiB
  dist\css\chunk-36dbe6e4.8ac92d69.css      0.06 KiB         0.07 KiB
  dist\css\chunk-760b9ce3.12217f5e.css      0.06 KiB         0.08 KiB
  dist\css\chunk-9a58e340.bcdec234.css      0.05 KiB         0.07 KiB
  dist\css\chunk-259eace8.23e6a9f5.css      0.05 KiB         0.07 KiB
  dist\css\chunk-5580da4a.43246580.css      0.05 KiB         0.07 KiB
  dist\css\chunk-03ce6b44.14b84235.css      0.04 KiB         0.06 KiB
  dist\css\chunk-d11a6306.c24db50e.css      0.04 KiB         0.06 KiB
  dist\static\ueditor\themes\iframe.css     0.04 KiB         0.06 KiB
  dist\static\ueditor\utf8-jsp\themes\if    0.04 KiB         0.06 KiB
  rame.css
  dist\css\chunk-51b5690f.92647ec0.css      0.00 KiB         0.02 KiB
  dist\css\chunk-8ed57444.7da397af.css      0.00 KiB         0.02 KiB

  Images and other types of assets omitted.

 DONE  Build complete. The dist directory is ready to be deployed.
 INFO  Check out deployment instructions at https://cli.vuejs.org/guide/deployment.html
      
